Training with hyperparameters:{'use_ego_ids': True, 'batch_size': 32, 'use_port_ids': True, 'use_mini_batch': True, 'port_emb_dim': 8, 'num_epochs': 100, 'ego_dim': None, 'num_layers': 3, 'neighbors_per_hop': [15, 10, 5], 'hidden_dim': 64, 'dropout': 0.1, 'lr': 0.001, 'weight_decay': 0.0001, 'minority_class_weight': None}
Using unweighted BCEWithLogitsLoss.
[PORT] fwd edge_attr: (2675, 2) (dtype=torch.int64) | rev edge_attr: (2736, 2)
[TRAIN MODE] mini-batch (seed-only) | is_hetero=True | ego_dim=32
[EGO-CHECK] base_dim=1  ego_dim=32  aug_dim=33  seeds(B)=32
[seed 0] Epoch 001 | train 0.3202 | val 0.2678 | val macro-minF1 76.67%
[seed 0] Epoch 002 | train 0.2666 | val 0.2785 | val macro-minF1 77.01%
[seed 0] Epoch 003 | train 0.2614 | val 0.2632 | val macro-minF1 78.38%
[seed 0] Epoch 004 | train 0.2555 | val 0.2530 | val macro-minF1 77.75%
[seed 0] Epoch 005 | train 0.2535 | val 0.2597 | val macro-minF1 75.75%
[seed 0] Epoch 006 | train 0.2510 | val 0.2589 | val macro-minF1 73.61%
[seed 0] Epoch 007 | train 0.2491 | val 0.2608 | val macro-minF1 75.22%
[seed 0] Epoch 008 | train 0.2488 | val 0.2496 | val macro-minF1 75.48%
[seed 0] Epoch 009 | train 0.2482 | val 0.2497 | val macro-minF1 75.40%
[seed 0] Epoch 010 | train 0.2475 | val 0.2584 | val macro-minF1 73.03%
[seed 0] Epoch 011 | train 0.2464 | val 0.2471 | val macro-minF1 74.86%
[seed 0] Epoch 012 | train 0.2449 | val 0.2533 | val macro-minF1 77.33%
[seed 0] Epoch 013 | train 0.2450 | val 0.2444 | val macro-minF1 78.50%
[seed 0] Epoch 014 | train 0.2436 | val 0.2684 | val macro-minF1 78.26%
[seed 0] Epoch 015 | train 0.2438 | val 0.2446 | val macro-minF1 77.67%
[seed 0] Epoch 016 | train 0.2426 | val 0.2473 | val macro-minF1 77.48%
[seed 0] Epoch 017 | train 0.2413 | val 0.2525 | val macro-minF1 79.36%
[seed 0] Epoch 018 | train 0.2405 | val 0.2566 | val macro-minF1 73.40%
[seed 0] Epoch 019 | train 0.2399 | val 0.2491 | val macro-minF1 79.17%
[seed 0] Epoch 020 | train 0.2396 | val 0.2438 | val macro-minF1 76.21%
[seed 0] Epoch 021 | train 0.2395 | val 0.2442 | val macro-minF1 78.13%
[seed 0] Epoch 022 | train 0.2383 | val 0.2519 | val macro-minF1 75.70%
[seed 0] Epoch 023 | train 0.2368 | val 0.2505 | val macro-minF1 78.15%
[seed 0] Epoch 024 | train 0.2007 | val 0.1831 | val macro-minF1 86.10%
[seed 0] Epoch 025 | train 0.1842 | val 0.1816 | val macro-minF1 86.79%
[seed 0] Epoch 026 | train 0.1807 | val 0.1934 | val macro-minF1 85.67%
[seed 0] Epoch 027 | train 0.1796 | val 0.1857 | val macro-minF1 86.23%
[seed 0] Epoch 028 | train 0.1784 | val 0.1995 | val macro-minF1 85.80%
[seed 0] Epoch 029 | train 0.1776 | val 0.1839 | val macro-minF1 86.35%
[seed 0] Epoch 030 | train 0.1760 | val 0.1816 | val macro-minF1 86.34%
[seed 0] Epoch 031 | train 0.1748 | val 0.1793 | val macro-minF1 86.13%
[seed 0] Epoch 032 | train 0.1746 | val 0.1768 | val macro-minF1 86.63%
[seed 0] Epoch 033 | train 0.1763 | val 0.1783 | val macro-minF1 86.66%
[seed 0] Epoch 034 | train 0.1736 | val 0.1814 | val macro-minF1 86.56%
[seed 0] Epoch 035 | train 0.1736 | val 0.1788 | val macro-minF1 87.22%
[seed 0] Epoch 036 | train 0.1736 | val 0.1835 | val macro-minF1 86.08%
[seed 0] Epoch 037 | train 0.1735 | val 0.1762 | val macro-minF1 86.14%
[seed 0] Epoch 038 | train 0.1720 | val 0.1842 | val macro-minF1 86.99%
[seed 0] Epoch 039 | train 0.1708 | val 0.1744 | val macro-minF1 87.27%
[seed 0] Epoch 040 | train 0.1722 | val 0.1770 | val macro-minF1 87.39%
[seed 0] Epoch 041 | train 0.1720 | val 0.1835 | val macro-minF1 85.78%
[seed 0] Epoch 042 | train 0.1714 | val 0.1865 | val macro-minF1 86.91%
[seed 0] Epoch 043 | train 0.1715 | val 0.1829 | val macro-minF1 86.91%
[seed 0] Epoch 044 | train 0.1715 | val 0.1785 | val macro-minF1 86.92%
[seed 0] Epoch 045 | train 0.1701 | val 0.1768 | val macro-minF1 87.10%
[seed 0] Epoch 046 | train 0.1698 | val 0.1763 | val macro-minF1 86.85%
[seed 0] Epoch 047 | train 0.1698 | val 0.1806 | val macro-minF1 87.25%
[seed 0] Epoch 048 | train 0.1703 | val 0.1764 | val macro-minF1 86.87%
[seed 0] Epoch 049 | train 0.1694 | val 0.1801 | val macro-minF1 86.94%
[seed 0] Epoch 050 | train 0.1694 | val 0.1837 | val macro-minF1 85.11%
[seed 0] Epoch 051 | train 0.1689 | val 0.1758 | val macro-minF1 87.11%
[seed 0] Epoch 052 | train 0.1681 | val 0.1764 | val macro-minF1 87.05%
[seed 0] Epoch 053 | train 0.1698 | val 0.1881 | val macro-minF1 85.48%
[seed 0] Epoch 054 | train 0.1676 | val 0.1759 | val macro-minF1 87.46%
[seed 0] Epoch 055 | train 0.1695 | val 0.1846 | val macro-minF1 86.58%
[seed 0] Epoch 056 | train 0.1682 | val 0.1883 | val macro-minF1 84.87%
[seed 0] Epoch 057 | train 0.1669 | val 0.1843 | val macro-minF1 85.94%
[seed 0] Epoch 058 | train 0.1677 | val 0.1900 | val macro-minF1 86.28%
[seed 0] Epoch 059 | train 0.1666 | val 0.1787 | val macro-minF1 86.30%
[seed 0] Epoch 060 | train 0.1664 | val 0.1767 | val macro-minF1 86.75%
[seed 0] Epoch 061 | train 0.1660 | val 0.1800 | val macro-minF1 86.57%
[seed 0] Epoch 062 | train 0.1661 | val 0.1821 | val macro-minF1 86.31%
[seed 0] Epoch 063 | train 0.1660 | val 0.1829 | val macro-minF1 86.00%
[seed 0] Epoch 064 | train 0.1653 | val 0.1928 | val macro-minF1 86.36%
[seed 0] Epoch 065 | train 0.1658 | val 0.1765 | val macro-minF1 87.43%
[seed 0] Epoch 066 | train 0.1660 | val 0.1793 | val macro-minF1 86.67%
[seed 0] Epoch 067 | train 0.1653 | val 0.1828 | val macro-minF1 86.06%
[seed 0] Epoch 068 | train 0.1654 | val 0.1898 | val macro-minF1 86.42%
[seed 0] Epoch 069 | train 0.1641 | val 0.1806 | val macro-minF1 87.39%
[seed 0] Epoch 070 | train 0.1629 | val 0.1842 | val macro-minF1 86.28%
[seed 0] Epoch 071 | train 0.1635 | val 0.1786 | val macro-minF1 86.97%
[seed 0] Epoch 072 | train 0.1650 | val 0.1856 | val macro-minF1 86.83%
[seed 0] Epoch 073 | train 0.1633 | val 0.1786 | val macro-minF1 87.33%
[seed 0] Epoch 074 | train 0.1632 | val 0.1803 | val macro-minF1 86.52%
[seed 0] Epoch 075 | train 0.1636 | val 0.1793 | val macro-minF1 86.70%
[seed 0] Epoch 076 | train 0.1623 | val 0.1804 | val macro-minF1 87.00%
[seed 0] Epoch 077 | train 0.1626 | val 0.1791 | val macro-minF1 87.03%
[seed 0] Epoch 078 | train 0.1625 | val 0.1797 | val macro-minF1 86.50%
[seed 0] Epoch 079 | train 0.1620 | val 0.1836 | val macro-minF1 87.45%
[seed 0] Epoch 080 | train 0.1617 | val 0.1783 | val macro-minF1 87.25%
[seed 0] Epoch 081 | train 0.1605 | val 0.1828 | val macro-minF1 86.70%
[seed 0] Epoch 082 | train 0.1603 | val 0.1798 | val macro-minF1 86.53%
[seed 0] Epoch 083 | train 0.1596 | val 0.1864 | val macro-minF1 86.09%
[seed 0] Epoch 084 | train 0.1603 | val 0.1802 | val macro-minF1 87.19%
[seed 0] Epoch 085 | train 0.1613 | val 0.1826 | val macro-minF1 86.79%
[seed 0] Epoch 086 | train 0.1587 | val 0.1874 | val macro-minF1 86.50%
[seed 0] Epoch 087 | train 0.1599 | val 0.1847 | val macro-minF1 86.94%
[seed 0] Epoch 088 | train 0.1587 | val 0.1835 | val macro-minF1 86.36%
[seed 0] Epoch 089 | train 0.1593 | val 0.1816 | val macro-minF1 86.72%
[seed 0] Epoch 090 | train 0.1589 | val 0.1886 | val macro-minF1 86.20%
[seed 0] Epoch 091 | train 0.1582 | val 0.1816 | val macro-minF1 87.04%
[seed 0] Epoch 092 | train 0.1590 | val 0.1890 | val macro-minF1 85.94%
[seed 0] Epoch 093 | train 0.1588 | val 0.1850 | val macro-minF1 85.63%
[seed 0] Epoch 094 | train 0.1582 | val 0.1891 | val macro-minF1 86.52%
[seed 0] Epoch 095 | train 0.1570 | val 0.1835 | val macro-minF1 86.70%
[seed 0] Epoch 096 | train 0.1572 | val 0.1856 | val macro-minF1 86.46%
[seed 0] Epoch 097 | train 0.1581 | val 0.1849 | val macro-minF1 86.72%
[seed 0] Epoch 098 | train 0.1564 | val 0.1839 | val macro-minF1 86.96%
[seed 0] Epoch 099 | train 0.1561 | val 0.1820 | val macro-minF1 86.72%
[seed 0] Epoch 100 | train 0.1550 | val 0.1838 | val macro-minF1 86.21%
Training with hyperparameters:{'use_ego_ids': True, 'batch_size': 32, 'use_port_ids': True, 'use_mini_batch': True, 'port_emb_dim': 8, 'num_epochs': 100, 'ego_dim': None, 'num_layers': 3, 'neighbors_per_hop': [15, 10, 5], 'hidden_dim': 64, 'dropout': 0.1, 'lr': 0.001, 'weight_decay': 0.0001, 'minority_class_weight': None}
Using unweighted BCEWithLogitsLoss.
[PORT] fwd edge_attr: (2707, 2) (dtype=torch.int64) | rev edge_attr: (2661, 2)
[TRAIN MODE] mini-batch (seed-only) | is_hetero=True | ego_dim=32
[EGO-CHECK] base_dim=1  ego_dim=32  aug_dim=33  seeds(B)=32
[seed 1] Epoch 001 | train 0.3152 | val 0.2846 | val macro-minF1 74.85%
[seed 1] Epoch 002 | train 0.2686 | val 0.2574 | val macro-minF1 77.37%
[seed 1] Epoch 003 | train 0.2596 | val 0.2552 | val macro-minF1 78.72%
[seed 1] Epoch 004 | train 0.2557 | val 0.2524 | val macro-minF1 76.34%
[seed 1] Epoch 005 | train 0.2538 | val 0.2529 | val macro-minF1 76.42%
[seed 1] Epoch 006 | train 0.2512 | val 0.2502 | val macro-minF1 77.11%
[seed 1] Epoch 007 | train 0.2498 | val 0.2478 | val macro-minF1 76.37%
[seed 1] Epoch 008 | train 0.2483 | val 0.2561 | val macro-minF1 77.73%
[seed 1] Epoch 009 | train 0.2469 | val 0.2467 | val macro-minF1 77.26%
[seed 1] Epoch 010 | train 0.2458 | val 0.2482 | val macro-minF1 78.66%
[seed 1] Epoch 011 | train 0.2453 | val 0.2510 | val macro-minF1 78.89%
[seed 1] Epoch 012 | train 0.2447 | val 0.2502 | val macro-minF1 78.78%
[seed 1] Epoch 013 | train 0.2436 | val 0.2539 | val macro-minF1 74.83%
[seed 1] Epoch 014 | train 0.2428 | val 0.2489 | val macro-minF1 76.17%
[seed 1] Epoch 015 | train 0.2433 | val 0.2478 | val macro-minF1 78.58%
[seed 1] Epoch 016 | train 0.2416 | val 0.2497 | val macro-minF1 77.80%
[seed 1] Epoch 017 | train 0.2408 | val 0.2468 | val macro-minF1 76.09%
[seed 1] Epoch 018 | train 0.2407 | val 0.2673 | val macro-minF1 73.89%
[seed 1] Epoch 019 | train 0.2400 | val 0.2508 | val macro-minF1 78.82%
[seed 1] Epoch 020 | train 0.2386 | val 0.2422 | val macro-minF1 78.10%
[seed 1] Epoch 021 | train 0.2387 | val 0.2573 | val macro-minF1 79.81%
[seed 1] Epoch 022 | train 0.2385 | val 0.2447 | val macro-minF1 78.00%
[seed 1] Epoch 023 | train 0.2380 | val 0.2443 | val macro-minF1 78.05%
[seed 1] Epoch 024 | train 0.2384 | val 0.2514 | val macro-minF1 75.01%
[seed 1] Epoch 025 | train 0.2324 | val 0.2250 | val macro-minF1 83.61%
[seed 1] Epoch 026 | train 0.1905 | val 0.1849 | val macro-minF1 86.70%
[seed 1] Epoch 027 | train 0.1821 | val 0.1829 | val macro-minF1 85.99%
[seed 1] Epoch 028 | train 0.1791 | val 0.1861 | val macro-minF1 87.32%
[seed 1] Epoch 029 | train 0.1780 | val 0.1801 | val macro-minF1 87.24%
[seed 1] Epoch 030 | train 0.1767 | val 0.1776 | val macro-minF1 87.61%
[seed 1] Epoch 031 | train 0.1745 | val 0.1785 | val macro-minF1 86.71%
[seed 1] Epoch 032 | train 0.1758 | val 0.1829 | val macro-minF1 85.50%
[seed 1] Epoch 033 | train 0.1739 | val 0.1781 | val macro-minF1 87.67%
[seed 1] Epoch 034 | train 0.1740 | val 0.1831 | val macro-minF1 86.48%
[seed 1] Epoch 035 | train 0.1741 | val 0.1783 | val macro-minF1 86.99%
[seed 1] Epoch 036 | train 0.1730 | val 0.1802 | val macro-minF1 86.23%
[seed 1] Epoch 037 | train 0.1745 | val 0.2021 | val macro-minF1 86.41%
[seed 1] Epoch 038 | train 0.1722 | val 0.1804 | val macro-minF1 87.45%
[seed 1] Epoch 039 | train 0.1715 | val 0.1812 | val macro-minF1 85.57%
[seed 1] Epoch 040 | train 0.1719 | val 0.1780 | val macro-minF1 86.65%
[seed 1] Epoch 041 | train 0.1720 | val 0.1816 | val macro-minF1 86.48%
[seed 1] Epoch 042 | train 0.1708 | val 0.1854 | val macro-minF1 86.85%
[seed 1] Epoch 043 | train 0.1700 | val 0.1912 | val macro-minF1 86.65%
[seed 1] Epoch 044 | train 0.1713 | val 0.1756 | val macro-minF1 87.57%
[seed 1] Epoch 045 | train 0.1706 | val 0.1881 | val macro-minF1 87.50%
[seed 1] Epoch 046 | train 0.1691 | val 0.1750 | val macro-minF1 87.31%
[seed 1] Epoch 047 | train 0.1698 | val 0.1776 | val macro-minF1 87.18%
[seed 1] Epoch 048 | train 0.1704 | val 0.1769 | val macro-minF1 87.29%
[seed 1] Epoch 049 | train 0.1686 | val 0.1903 | val macro-minF1 85.77%
[seed 1] Epoch 050 | train 0.1680 | val 0.1821 | val macro-minF1 86.85%
[seed 1] Epoch 051 | train 0.1669 | val 0.1770 | val macro-minF1 86.81%
[seed 1] Epoch 052 | train 0.1673 | val 0.1780 | val macro-minF1 87.17%
[seed 1] Epoch 053 | train 0.1678 | val 0.1817 | val macro-minF1 87.51%
[seed 1] Epoch 054 | train 0.1679 | val 0.1788 | val macro-minF1 87.31%
[seed 1] Epoch 055 | train 0.1662 | val 0.1806 | val macro-minF1 86.26%
[seed 1] Epoch 056 | train 0.1671 | val 0.1780 | val macro-minF1 86.24%
[seed 1] Epoch 057 | train 0.1674 | val 0.1774 | val macro-minF1 86.56%
[seed 1] Epoch 058 | train 0.1672 | val 0.1782 | val macro-minF1 86.91%
[seed 1] Epoch 059 | train 0.1663 | val 0.1795 | val macro-minF1 87.34%
[seed 1] Epoch 060 | train 0.1667 | val 0.1921 | val macro-minF1 86.82%
[seed 1] Epoch 061 | train 0.1663 | val 0.1833 | val macro-minF1 87.05%
[seed 1] Epoch 062 | train 0.1656 | val 0.1773 | val macro-minF1 86.91%
[seed 1] Epoch 063 | train 0.1638 | val 0.1787 | val macro-minF1 86.88%
[seed 1] Epoch 064 | train 0.1648 | val 0.1830 | val macro-minF1 86.81%
[seed 1] Epoch 065 | train 0.1650 | val 0.1818 | val macro-minF1 87.35%
[seed 1] Epoch 066 | train 0.1631 | val 0.1792 | val macro-minF1 86.62%
[seed 1] Epoch 067 | train 0.1638 | val 0.1789 | val macro-minF1 86.98%
[seed 1] Epoch 068 | train 0.1640 | val 0.1853 | val macro-minF1 86.38%
[seed 1] Epoch 069 | train 0.1641 | val 0.1785 | val macro-minF1 86.87%
[seed 1] Epoch 070 | train 0.1633 | val 0.1847 | val macro-minF1 86.60%
[seed 1] Epoch 071 | train 0.1635 | val 0.1803 | val macro-minF1 87.19%
[seed 1] Epoch 072 | train 0.1611 | val 0.1874 | val macro-minF1 86.60%
[seed 1] Epoch 073 | train 0.1623 | val 0.1847 | val macro-minF1 86.64%
[seed 1] Epoch 074 | train 0.1612 | val 0.1868 | val macro-minF1 85.86%
[seed 1] Epoch 075 | train 0.1613 | val 0.1787 | val macro-minF1 87.26%
[seed 1] Epoch 076 | train 0.1616 | val 0.1786 | val macro-minF1 87.23%
[seed 1] Epoch 077 | train 0.1607 | val 0.1800 | val macro-minF1 86.07%
[seed 1] Epoch 078 | train 0.1602 | val 0.1791 | val macro-minF1 87.16%
[seed 1] Epoch 079 | train 0.1601 | val 0.1820 | val macro-minF1 87.07%
[seed 1] Epoch 080 | train 0.1609 | val 0.1808 | val macro-minF1 86.57%
[seed 1] Epoch 081 | train 0.1599 | val 0.1828 | val macro-minF1 87.18%
[seed 1] Epoch 082 | train 0.1592 | val 0.1811 | val macro-minF1 86.43%
[seed 1] Epoch 083 | train 0.1590 | val 0.1841 | val macro-minF1 86.75%
[seed 1] Epoch 084 | train 0.1603 | val 0.1834 | val macro-minF1 86.66%
[seed 1] Epoch 085 | train 0.1582 | val 0.1855 | val macro-minF1 86.74%
[seed 1] Epoch 086 | train 0.1579 | val 0.1845 | val macro-minF1 86.93%
[seed 1] Epoch 087 | train 0.1579 | val 0.1843 | val macro-minF1 86.00%
[seed 1] Epoch 088 | train 0.1584 | val 0.1910 | val macro-minF1 86.68%
[seed 1] Epoch 089 | train 0.1588 | val 0.1846 | val macro-minF1 86.48%
[seed 1] Epoch 090 | train 0.1567 | val 0.1871 | val macro-minF1 85.74%
[seed 1] Epoch 091 | train 0.1557 | val 0.1883 | val macro-minF1 87.01%
[seed 1] Epoch 092 | train 0.1581 | val 0.1897 | val macro-minF1 87.24%
[seed 1] Epoch 093 | train 0.1563 | val 0.1864 | val macro-minF1 86.36%
[seed 1] Epoch 094 | train 0.1563 | val 0.1846 | val macro-minF1 86.56%
[seed 1] Epoch 095 | train 0.1551 | val 0.1849 | val macro-minF1 86.52%
[seed 1] Epoch 096 | train 0.1565 | val 0.1867 | val macro-minF1 86.66%
[seed 1] Epoch 097 | train 0.1553 | val 0.1895 | val macro-minF1 86.28%
[seed 1] Epoch 098 | train 0.1540 | val 0.1863 | val macro-minF1 86.29%
[seed 1] Epoch 099 | train 0.1552 | val 0.1858 | val macro-minF1 86.68%
[seed 1] Epoch 100 | train 0.1545 | val 0.1855 | val macro-minF1 87.13%
Training with hyperparameters:{'use_ego_ids': True, 'batch_size': 32, 'use_port_ids': True, 'use_mini_batch': True, 'port_emb_dim': 8, 'num_epochs': 100, 'ego_dim': None, 'num_layers': 3, 'neighbors_per_hop': [15, 10, 5], 'hidden_dim': 64, 'dropout': 0.1, 'lr': 0.001, 'weight_decay': 0.0001, 'minority_class_weight': None}
Using unweighted BCEWithLogitsLoss.
[PORT] fwd edge_attr: (2775, 2) (dtype=torch.int64) | rev edge_attr: (2799, 2)
[TRAIN MODE] mini-batch (seed-only) | is_hetero=True | ego_dim=32
[EGO-CHECK] base_dim=1  ego_dim=32  aug_dim=33  seeds(B)=32
[seed 2] Epoch 001 | train 0.3231 | val 0.2731 | val macro-minF1 75.08%
[seed 2] Epoch 002 | train 0.2677 | val 0.2781 | val macro-minF1 72.76%
[seed 2] Epoch 003 | train 0.2603 | val 0.2879 | val macro-minF1 68.09%
[seed 2] Epoch 004 | train 0.2558 | val 0.2892 | val macro-minF1 70.18%
[seed 2] Epoch 005 | train 0.2534 | val 0.2535 | val macro-minF1 74.56%
[seed 2] Epoch 006 | train 0.2525 | val 0.2534 | val macro-minF1 75.09%
[seed 2] Epoch 007 | train 0.2507 | val 0.2531 | val macro-minF1 75.75%
[seed 2] Epoch 008 | train 0.2496 | val 0.2538 | val macro-minF1 74.26%
[seed 2] Epoch 009 | train 0.2480 | val 0.2493 | val macro-minF1 77.99%
[seed 2] Epoch 010 | train 0.2475 | val 0.2582 | val macro-minF1 77.62%
[seed 2] Epoch 011 | train 0.2467 | val 0.2542 | val macro-minF1 75.79%
[seed 2] Epoch 012 | train 0.2449 | val 0.2586 | val macro-minF1 78.46%
[seed 2] Epoch 013 | train 0.2451 | val 0.2572 | val macro-minF1 75.41%
[seed 2] Epoch 014 | train 0.2439 | val 0.2447 | val macro-minF1 76.69%
[seed 2] Epoch 015 | train 0.2429 | val 0.2493 | val macro-minF1 77.68%
[seed 2] Epoch 016 | train 0.2427 | val 0.2475 | val macro-minF1 78.22%
[seed 2] Epoch 017 | train 0.2415 | val 0.2442 | val macro-minF1 78.06%
[seed 2] Epoch 018 | train 0.2421 | val 0.2468 | val macro-minF1 76.57%
[seed 2] Epoch 019 | train 0.2405 | val 0.2474 | val macro-minF1 75.79%
[seed 2] Epoch 020 | train 0.2403 | val 0.2435 | val macro-minF1 78.93%
[seed 2] Epoch 021 | train 0.2394 | val 0.2426 | val macro-minF1 76.21%
[seed 2] Epoch 022 | train 0.2391 | val 0.2425 | val macro-minF1 76.99%
[seed 2] Epoch 023 | train 0.2386 | val 0.2465 | val macro-minF1 76.52%
[seed 2] Epoch 024 | train 0.2375 | val 0.2414 | val macro-minF1 77.55%
[seed 2] Epoch 025 | train 0.2370 | val 0.2455 | val macro-minF1 78.04%
[seed 2] Epoch 026 | train 0.2238 | val 0.2099 | val macro-minF1 83.92%
[seed 2] Epoch 027 | train 0.1875 | val 0.1868 | val macro-minF1 85.14%
[seed 2] Epoch 028 | train 0.1807 | val 0.1823 | val macro-minF1 86.99%
[seed 2] Epoch 029 | train 0.1808 | val 0.1848 | val macro-minF1 86.55%
[seed 2] Epoch 030 | train 0.1784 | val 0.1823 | val macro-minF1 85.99%
[seed 2] Epoch 031 | train 0.1776 | val 0.1777 | val macro-minF1 86.84%
[seed 2] Epoch 032 | train 0.1765 | val 0.1808 | val macro-minF1 87.57%
[seed 2] Epoch 033 | train 0.1754 | val 0.1796 | val macro-minF1 86.11%
[seed 2] Epoch 034 | train 0.1759 | val 0.1816 | val macro-minF1 86.68%
[seed 2] Epoch 035 | train 0.1757 | val 0.1783 | val macro-minF1 86.57%
[seed 2] Epoch 036 | train 0.1740 | val 0.1795 | val macro-minF1 87.51%
[seed 2] Epoch 037 | train 0.1746 | val 0.1811 | val macro-minF1 87.30%
[seed 2] Epoch 038 | train 0.1728 | val 0.1828 | val macro-minF1 86.93%
[seed 2] Epoch 039 | train 0.1728 | val 0.1760 | val macro-minF1 87.40%
[seed 2] Epoch 040 | train 0.1732 | val 0.1781 | val macro-minF1 86.48%
[seed 2] Epoch 041 | train 0.1724 | val 0.1766 | val macro-minF1 86.15%
[seed 2] Epoch 042 | train 0.1727 | val 0.1758 | val macro-minF1 86.94%
[seed 2] Epoch 043 | train 0.1716 | val 0.1808 | val macro-minF1 86.63%
[seed 2] Epoch 044 | train 0.1715 | val 0.1782 | val macro-minF1 85.99%
[seed 2] Epoch 045 | train 0.1712 | val 0.1811 | val macro-minF1 85.80%
[seed 2] Epoch 046 | train 0.1723 | val 0.1773 | val macro-minF1 87.08%
[seed 2] Epoch 047 | train 0.1719 | val 0.1806 | val macro-minF1 85.81%
[seed 2] Epoch 048 | train 0.1687 | val 0.1779 | val macro-minF1 87.64%
[seed 2] Epoch 049 | train 0.1693 | val 0.1782 | val macro-minF1 86.69%
[seed 2] Epoch 050 | train 0.1689 | val 0.1903 | val macro-minF1 84.71%
[seed 2] Epoch 051 | train 0.1685 | val 0.1811 | val macro-minF1 86.95%
[seed 2] Epoch 052 | train 0.1684 | val 0.1790 | val macro-minF1 86.42%
[seed 2] Epoch 053 | train 0.1700 | val 0.1807 | val macro-minF1 87.36%
[seed 2] Epoch 054 | train 0.1695 | val 0.1777 | val macro-minF1 87.60%
[seed 2] Epoch 055 | train 0.1688 | val 0.1783 | val macro-minF1 86.91%
[seed 2] Epoch 056 | train 0.1693 | val 0.1784 | val macro-minF1 86.42%
[seed 2] Epoch 057 | train 0.1691 | val 0.1803 | val macro-minF1 86.56%
[seed 2] Epoch 058 | train 0.1668 | val 0.1830 | val macro-minF1 86.85%
[seed 2] Epoch 059 | train 0.1678 | val 0.1787 | val macro-minF1 87.29%
[seed 2] Epoch 060 | train 0.1685 | val 0.1804 | val macro-minF1 87.50%
[seed 2] Epoch 061 | train 0.1672 | val 0.1777 | val macro-minF1 86.76%
[seed 2] Epoch 062 | train 0.1670 | val 0.1806 | val macro-minF1 87.04%
[seed 2] Epoch 063 | train 0.1666 | val 0.1814 | val macro-minF1 86.67%
[seed 2] Epoch 064 | train 0.1655 | val 0.1820 | val macro-minF1 85.56%
[seed 2] Epoch 065 | train 0.1659 | val 0.1941 | val macro-minF1 86.04%
[seed 2] Epoch 066 | train 0.1673 | val 0.1818 | val macro-minF1 87.20%
[seed 2] Epoch 067 | train 0.1663 | val 0.1822 | val macro-minF1 86.71%
[seed 2] Epoch 068 | train 0.1651 | val 0.1803 | val macro-minF1 87.17%
[seed 2] Epoch 069 | train 0.1647 | val 0.1801 | val macro-minF1 87.44%
[seed 2] Epoch 070 | train 0.1654 | val 0.1779 | val macro-minF1 87.00%
[seed 2] Epoch 071 | train 0.1658 | val 0.1803 | val macro-minF1 86.59%
[seed 2] Epoch 072 | train 0.1641 | val 0.1810 | val macro-minF1 86.56%
[seed 2] Epoch 073 | train 0.1640 | val 0.1834 | val macro-minF1 86.34%
[seed 2] Epoch 074 | train 0.1636 | val 0.1870 | val macro-minF1 86.41%
[seed 2] Epoch 075 | train 0.1639 | val 0.1771 | val macro-minF1 87.01%
[seed 2] Epoch 076 | train 0.1635 | val 0.1836 | val macro-minF1 86.04%
[seed 2] Epoch 077 | train 0.1621 | val 0.1782 | val macro-minF1 87.17%
[seed 2] Epoch 078 | train 0.1610 | val 0.1826 | val macro-minF1 86.98%
[seed 2] Epoch 079 | train 0.1633 | val 0.1789 | val macro-minF1 87.15%
[seed 2] Epoch 080 | train 0.1628 | val 0.1801 | val macro-minF1 87.11%
[seed 2] Epoch 081 | train 0.1618 | val 0.1817 | val macro-minF1 86.72%
[seed 2] Epoch 082 | train 0.1622 | val 0.1807 | val macro-minF1 86.56%
[seed 2] Epoch 083 | train 0.1610 | val 0.1777 | val macro-minF1 86.58%
[seed 2] Epoch 084 | train 0.1618 | val 0.1816 | val macro-minF1 86.87%
[seed 2] Epoch 085 | train 0.1628 | val 0.1925 | val macro-minF1 85.97%
[seed 2] Epoch 086 | train 0.1611 | val 0.1847 | val macro-minF1 86.89%
[seed 2] Epoch 087 | train 0.1605 | val 0.1832 | val macro-minF1 86.86%
[seed 2] Epoch 088 | train 0.1603 | val 0.1807 | val macro-minF1 86.77%
[seed 2] Epoch 089 | train 0.1590 | val 0.1843 | val macro-minF1 86.70%
[seed 2] Epoch 090 | train 0.1596 | val 0.1819 | val macro-minF1 86.86%
[seed 2] Epoch 091 | train 0.1583 | val 0.1838 | val macro-minF1 86.07%
[seed 2] Epoch 092 | train 0.1594 | val 0.1888 | val macro-minF1 86.86%
[seed 2] Epoch 093 | train 0.1579 | val 0.1895 | val macro-minF1 86.96%
[seed 2] Epoch 094 | train 0.1590 | val 0.1867 | val macro-minF1 85.96%
[seed 2] Epoch 095 | train 0.1591 | val 0.1862 | val macro-minF1 86.78%
[seed 2] Epoch 096 | train 0.1576 | val 0.1834 | val macro-minF1 86.69%
[seed 2] Epoch 097 | train 0.1566 | val 0.1821 | val macro-minF1 86.88%
[seed 2] Epoch 098 | train 0.1571 | val 0.1883 | val macro-minF1 85.30%
[seed 2] Epoch 099 | train 0.1562 | val 0.1937 | val macro-minF1 85.90%
[seed 2] Epoch 100 | train 0.1569 | val 0.1856 | val macro-minF1 87.17%

PNA reverse message passing with mini-batch training, port numbers=True, & ego IDs=True — macro minority F1 over 5 runs: 87.06%
Per-task (mean±std over 5 runs): deg-in: 99.98±0.03% | deg-out: 99.87±0.08% | fan-in: 99.99±0.01% | fan-out: 100.00±0.00% | C2: 95.59±0.07% | C3: 95.18±0.11% | C4: 76.74±0.18% | C5: 73.96±1.22% | C6: 79.12±0.81% | S-G: 68.09±2.25% | B-C: 69.14±0.87%
