Training with hyperparameters:{'use_ego_ids': True, 'batch_size': 32, 'use_port_ids': True, 'use_mini_batch': True, 'port_emb_dim': 8, 'num_epochs': 100, 'ego_dim': None, 'num_layers': 6, 'neighbors_per_hop': [15, 15, 10, 10, 5, 5], 'hidden_dim': 64, 'dropout': 0.1, 'lr': 0.001, 'weight_decay': 0.0001, 'minority_class_weight': 'auto'}
Using automatic per-task minority weighting: [1.841484546661377, 1.8189952373504639, 2.0762298107147217, 2.0589993000030518, 4.132832050323486, 1.92154061794281, 0.9104477763175964, 0.473646342754364, 0.28260529041290283, 2.129106283187866, 2.2125489711761475]
[PORT] fwd edge_attr: (10694, 2) (dtype=torch.int64) | rev edge_attr: (10716, 2)
[TRAIN MODE] mini-batch (seed-only) | is_hetero=True | ego_dim=32
[EGO-CHECK] base_dim=1  ego_dim=32  aug_dim=33  seeds(B)=32
[seed 0] Epoch 001 | train 0.4125 | val 0.2587 | val macro-minF1 84.32%
[seed 0] Epoch 002 | train 0.2365 | val 0.2093 | val macro-minF1 87.15%
[seed 0] Epoch 003 | train 0.1957 | val 0.1852 | val macro-minF1 87.50%
[seed 0] Epoch 004 | train 0.1763 | val 0.1496 | val macro-minF1 89.52%
[seed 0] Epoch 005 | train 0.1488 | val 0.1464 | val macro-minF1 90.75%
[seed 0] Epoch 006 | train 0.1418 | val 0.1339 | val macro-minF1 90.60%
[seed 0] Epoch 007 | train 0.1371 | val 0.1290 | val macro-minF1 90.70%
[seed 0] Epoch 008 | train 0.1340 | val 0.1237 | val macro-minF1 91.51%
[seed 0] Epoch 009 | train 0.1276 | val 0.1270 | val macro-minF1 90.60%
[seed 0] Epoch 010 | train 0.1273 | val 0.1189 | val macro-minF1 90.84%
[seed 0] Epoch 011 | train 0.1137 | val 0.1063 | val macro-minF1 91.93%
[seed 0] Epoch 012 | train 0.0967 | val 0.0792 | val macro-minF1 93.70%
[seed 0] Epoch 013 | train 0.0863 | val 0.0918 | val macro-minF1 93.02%
[seed 0] Epoch 014 | train 0.0887 | val 0.0755 | val macro-minF1 93.94%
[seed 0] Epoch 015 | train 0.0836 | val 0.0755 | val macro-minF1 93.45%
[seed 0] Epoch 016 | train 0.0831 | val 0.0772 | val macro-minF1 92.86%
[seed 0] Epoch 017 | train 0.0810 | val 0.0676 | val macro-minF1 93.90%
[seed 0] Epoch 018 | train 0.0780 | val 0.0834 | val macro-minF1 93.37%
[seed 0] Epoch 019 | train 0.0788 | val 0.0746 | val macro-minF1 93.80%
[seed 0] Epoch 020 | train 0.0758 | val 0.0756 | val macro-minF1 94.04%
[seed 0] Epoch 021 | train 0.0774 | val 0.0724 | val macro-minF1 94.19%
[seed 0] Epoch 022 | train 0.0775 | val 0.0730 | val macro-minF1 93.95%
[seed 0] Epoch 023 | train 0.0773 | val 0.0706 | val macro-minF1 93.84%
[seed 0] Epoch 024 | train 0.0767 | val 0.0724 | val macro-minF1 94.06%
[seed 0] Epoch 025 | train 0.0739 | val 0.0719 | val macro-minF1 93.92%
[seed 0] Epoch 026 | train 0.0731 | val 0.0698 | val macro-minF1 92.98%
[seed 0] Epoch 027 | train 0.0756 | val 0.0749 | val macro-minF1 93.26%
[seed 0] Epoch 028 | train 0.0707 | val 0.0696 | val macro-minF1 94.06%
[seed 0] Epoch 029 | train 0.0727 | val 0.0658 | val macro-minF1 93.56%
[seed 0] Epoch 030 | train 0.0719 | val 0.0671 | val macro-minF1 94.58%
[seed 0] Epoch 031 | train 0.0698 | val 0.0651 | val macro-minF1 94.57%
[seed 0] Epoch 032 | train 0.0709 | val 0.0646 | val macro-minF1 94.28%
[seed 0] Epoch 033 | train 0.0714 | val 0.0746 | val macro-minF1 94.06%
[seed 0] Epoch 034 | train 0.0728 | val 0.0671 | val macro-minF1 94.29%
[seed 0] Epoch 035 | train 0.0711 | val 0.0699 | val macro-minF1 93.70%
[seed 0] Epoch 036 | train 0.0702 | val 0.0653 | val macro-minF1 94.11%
[seed 0] Epoch 037 | train 0.0693 | val 0.0663 | val macro-minF1 94.02%
[seed 0] Epoch 038 | train 0.0689 | val 0.0681 | val macro-minF1 94.25%
[seed 0] Epoch 039 | train 0.0696 | val 0.0700 | val macro-minF1 93.86%
[seed 0] Epoch 040 | train 0.0690 | val 0.0678 | val macro-minF1 93.35%
[seed 0] Epoch 041 | train 0.0684 | val 0.0630 | val macro-minF1 93.79%
[seed 0] Epoch 042 | train 0.0679 | val 0.0685 | val macro-minF1 94.46%
[seed 0] Epoch 043 | train 0.0682 | val 0.0654 | val macro-minF1 94.50%
[seed 0] Epoch 044 | train 0.0687 | val 0.0672 | val macro-minF1 94.05%
[seed 0] Epoch 045 | train 0.0674 | val 0.0650 | val macro-minF1 94.35%
[seed 0] Epoch 046 | train 0.0683 | val 0.0825 | val macro-minF1 93.78%
[seed 0] Epoch 047 | train 0.0694 | val 0.0673 | val macro-minF1 94.31%
[seed 0] Epoch 048 | train 0.0658 | val 0.0636 | val macro-minF1 93.69%
[seed 0] Epoch 049 | train 0.0650 | val 0.0668 | val macro-minF1 93.70%
[seed 0] Epoch 050 | train 0.0683 | val 0.0666 | val macro-minF1 94.22%
[seed 0] Epoch 051 | train 0.0671 | val 0.0639 | val macro-minF1 94.05%
[seed 0] Epoch 052 | train 0.0665 | val 0.0613 | val macro-minF1 93.94%
[seed 0] Epoch 053 | train 0.0658 | val 0.0616 | val macro-minF1 94.48%
[seed 0] Epoch 054 | train 0.0652 | val 0.0634 | val macro-minF1 94.39%
[seed 0] Epoch 055 | train 0.0642 | val 0.0628 | val macro-minF1 94.39%
[seed 0] Epoch 056 | train 0.0645 | val 0.0634 | val macro-minF1 93.77%
[seed 0] Epoch 057 | train 0.0669 | val 0.0621 | val macro-minF1 94.37%
[seed 0] Epoch 058 | train 0.0660 | val 0.0608 | val macro-minF1 94.25%
[seed 0] Epoch 059 | train 0.0643 | val 0.0647 | val macro-minF1 94.39%
[seed 0] Epoch 060 | train 0.0663 | val 0.0679 | val macro-minF1 93.81%
[seed 0] Epoch 061 | train 0.0649 | val 0.0623 | val macro-minF1 94.46%
[seed 0] Epoch 062 | train 0.0648 | val 0.0711 | val macro-minF1 93.83%
[seed 0] Epoch 063 | train 0.0639 | val 0.0639 | val macro-minF1 94.59%
[seed 0] Epoch 064 | train 0.0655 | val 0.0597 | val macro-minF1 94.32%
[seed 0] Epoch 065 | train 0.0639 | val 0.0597 | val macro-minF1 94.76%
[seed 0] Epoch 066 | train 0.0652 | val 0.0627 | val macro-minF1 93.57%
[seed 0] Epoch 067 | train 0.0634 | val 0.0636 | val macro-minF1 94.69%
[seed 0] Epoch 068 | train 0.0621 | val 0.0674 | val macro-minF1 94.44%
[seed 0] Epoch 069 | train 0.0643 | val 0.0615 | val macro-minF1 94.25%
[seed 0] Epoch 070 | train 0.0639 | val 0.0602 | val macro-minF1 94.67%
[seed 0] Epoch 071 | train 0.0655 | val 0.0651 | val macro-minF1 94.07%
[seed 0] Epoch 072 | train 0.0646 | val 0.0630 | val macro-minF1 93.90%
[seed 0] Epoch 073 | train 0.0652 | val 0.0610 | val macro-minF1 94.38%
[seed 0] Epoch 074 | train 0.0628 | val 0.0618 | val macro-minF1 93.96%
[seed 0] Epoch 075 | train 0.0650 | val 0.0694 | val macro-minF1 93.97%
[seed 0] Epoch 076 | train 0.0633 | val 0.0590 | val macro-minF1 94.66%
[seed 0] Epoch 077 | train 0.0615 | val 0.0630 | val macro-minF1 94.58%
[seed 0] Epoch 078 | train 0.0611 | val 0.0616 | val macro-minF1 94.28%
[seed 0] Epoch 079 | train 0.0649 | val 0.0670 | val macro-minF1 94.40%
[seed 0] Epoch 080 | train 0.0664 | val 0.0601 | val macro-minF1 94.36%
[seed 0] Epoch 081 | train 0.0629 | val 0.0714 | val macro-minF1 93.76%
[seed 0] Epoch 082 | train 0.0626 | val 0.0595 | val macro-minF1 94.90%
[seed 0] Epoch 083 | train 0.0606 | val 0.0609 | val macro-minF1 94.60%
[seed 0] Epoch 084 | train 0.0623 | val 0.0583 | val macro-minF1 93.82%
[seed 0] Epoch 085 | train 0.0637 | val 0.0570 | val macro-minF1 94.57%
[seed 0] Epoch 086 | train 0.0637 | val 0.0594 | val macro-minF1 94.60%
[seed 0] Epoch 087 | train 0.0635 | val 0.0637 | val macro-minF1 94.53%
[seed 0] Epoch 088 | train 0.0610 | val 0.0626 | val macro-minF1 93.95%
[seed 0] Epoch 089 | train 0.0653 | val 0.0565 | val macro-minF1 94.38%
[seed 0] Epoch 090 | train 0.0634 | val 0.0744 | val macro-minF1 93.24%
[seed 0] Epoch 091 | train 0.0620 | val 0.0592 | val macro-minF1 94.46%
[seed 0] Epoch 092 | train 0.0603 | val 0.0587 | val macro-minF1 94.35%
[seed 0] Epoch 093 | train 0.0616 | val 0.0584 | val macro-minF1 94.91%
[seed 0] Epoch 094 | train 0.0596 | val 0.0559 | val macro-minF1 94.29%
[seed 0] Epoch 095 | train 0.0633 | val 0.0658 | val macro-minF1 94.42%
[seed 0] Epoch 096 | train 0.0618 | val 0.0629 | val macro-minF1 94.61%
[seed 0] Epoch 097 | train 0.0630 | val 0.0574 | val macro-minF1 94.36%
[seed 0] Epoch 098 | train 0.0619 | val 0.0653 | val macro-minF1 93.96%
[seed 0] Epoch 099 | train 0.0610 | val 0.0625 | val macro-minF1 93.51%
[seed 0] Epoch 100 | train 0.0645 | val 0.0591 | val macro-minF1 94.47%
Training with hyperparameters:{'use_ego_ids': True, 'batch_size': 32, 'use_port_ids': True, 'use_mini_batch': True, 'port_emb_dim': 8, 'num_epochs': 100, 'ego_dim': None, 'num_layers': 6, 'neighbors_per_hop': [15, 15, 10, 10, 5, 5], 'hidden_dim': 64, 'dropout': 0.1, 'lr': 0.001, 'weight_decay': 0.0001, 'minority_class_weight': 'auto'}
Using automatic per-task minority weighting: [1.841484546661377, 1.8189952373504639, 2.0762298107147217, 2.0589993000030518, 4.132832050323486, 1.92154061794281, 0.9104477763175964, 0.473646342754364, 0.28260529041290283, 2.129106283187866, 2.2125489711761475]
[PORT] fwd edge_attr: (11776, 2) (dtype=torch.int64) | rev edge_attr: (11824, 2)
[TRAIN MODE] mini-batch (seed-only) | is_hetero=True | ego_dim=32
[EGO-CHECK] base_dim=1  ego_dim=32  aug_dim=33  seeds(B)=32
[seed 1] Epoch 001 | train 0.4245 | val 0.4582 | val macro-minF1 76.52%
[seed 1] Epoch 002 | train 0.2472 | val 0.2014 | val macro-minF1 87.88%
[seed 1] Epoch 003 | train 0.1864 | val 0.1584 | val macro-minF1 89.60%
[seed 1] Epoch 004 | train 0.1574 | val 0.1567 | val macro-minF1 89.34%
[seed 1] Epoch 005 | train 0.1488 | val 0.1322 | val macro-minF1 90.86%
[seed 1] Epoch 006 | train 0.1405 | val 0.1423 | val macro-minF1 89.79%
[seed 1] Epoch 007 | train 0.1297 | val 0.1084 | val macro-minF1 91.34%
[seed 1] Epoch 008 | train 0.1042 | val 0.0894 | val macro-minF1 92.89%
[seed 1] Epoch 009 | train 0.0957 | val 0.0915 | val macro-minF1 92.94%
[seed 1] Epoch 010 | train 0.0919 | val 0.1009 | val macro-minF1 91.92%
[seed 1] Epoch 011 | train 0.0909 | val 0.0925 | val macro-minF1 92.29%
[seed 1] Epoch 012 | train 0.0869 | val 0.1014 | val macro-minF1 92.44%
[seed 1] Epoch 013 | train 0.0808 | val 0.0746 | val macro-minF1 93.77%
[seed 1] Epoch 014 | train 0.0837 | val 0.0783 | val macro-minF1 93.20%
[seed 1] Epoch 015 | train 0.0779 | val 0.0801 | val macro-minF1 93.72%
[seed 1] Epoch 016 | train 0.0784 | val 0.0698 | val macro-minF1 93.97%
[seed 1] Epoch 017 | train 0.0754 | val 0.0733 | val macro-minF1 94.03%
[seed 1] Epoch 018 | train 0.0774 | val 0.0799 | val macro-minF1 93.57%
[seed 1] Epoch 019 | train 0.0755 | val 0.0720 | val macro-minF1 94.02%
[seed 1] Epoch 020 | train 0.0742 | val 0.0726 | val macro-minF1 93.16%
[seed 1] Epoch 021 | train 0.0730 | val 0.0756 | val macro-minF1 92.95%
[seed 1] Epoch 022 | train 0.0753 | val 0.0712 | val macro-minF1 93.44%
[seed 1] Epoch 023 | train 0.0736 | val 0.0701 | val macro-minF1 94.03%
[seed 1] Epoch 024 | train 0.0703 | val 0.0628 | val macro-minF1 94.15%
[seed 1] Epoch 025 | train 0.0718 | val 0.0709 | val macro-minF1 93.44%
[seed 1] Epoch 026 | train 0.0688 | val 0.0687 | val macro-minF1 94.34%
[seed 1] Epoch 027 | train 0.0702 | val 0.0661 | val macro-minF1 93.70%
[seed 1] Epoch 028 | train 0.0713 | val 0.0658 | val macro-minF1 94.07%
[seed 1] Epoch 029 | train 0.0689 | val 0.0639 | val macro-minF1 93.85%
[seed 1] Epoch 030 | train 0.0713 | val 0.0695 | val macro-minF1 93.10%
[seed 1] Epoch 031 | train 0.0715 | val 0.0751 | val macro-minF1 93.48%
[seed 1] Epoch 032 | train 0.0714 | val 0.0611 | val macro-minF1 94.00%
[seed 1] Epoch 033 | train 0.0658 | val 0.0635 | val macro-minF1 93.92%
[seed 1] Epoch 034 | train 0.0678 | val 0.0637 | val macro-minF1 93.79%
[seed 1] Epoch 035 | train 0.0675 | val 0.0713 | val macro-minF1 93.28%
[seed 1] Epoch 036 | train 0.0672 | val 0.0594 | val macro-minF1 94.02%
[seed 1] Epoch 037 | train 0.0686 | val 0.0614 | val macro-minF1 93.92%
[seed 1] Epoch 038 | train 0.0655 | val 0.0639 | val macro-minF1 94.55%
[seed 1] Epoch 039 | train 0.0665 | val 0.0628 | val macro-minF1 93.62%
[seed 1] Epoch 040 | train 0.0703 | val 0.0611 | val macro-minF1 94.39%
[seed 1] Epoch 041 | train 0.0671 | val 0.0652 | val macro-minF1 94.51%
[seed 1] Epoch 042 | train 0.0652 | val 0.0662 | val macro-minF1 94.00%
[seed 1] Epoch 043 | train 0.0696 | val 0.0668 | val macro-minF1 94.48%
[seed 1] Epoch 044 | train 0.0649 | val 0.0599 | val macro-minF1 94.46%
[seed 1] Epoch 045 | train 0.0645 | val 0.0658 | val macro-minF1 94.29%
[seed 1] Epoch 046 | train 0.0619 | val 0.0737 | val macro-minF1 93.49%
[seed 1] Epoch 047 | train 0.0629 | val 0.0737 | val macro-minF1 93.55%
[seed 1] Epoch 048 | train 0.0670 | val 0.0631 | val macro-minF1 94.13%
[seed 1] Epoch 049 | train 0.0651 | val 0.0617 | val macro-minF1 94.29%
[seed 1] Epoch 050 | train 0.0656 | val 0.0797 | val macro-minF1 92.31%
[seed 1] Epoch 051 | train 0.0642 | val 0.0605 | val macro-minF1 94.46%
[seed 1] Epoch 052 | train 0.0662 | val 0.0594 | val macro-minF1 94.35%
[seed 1] Epoch 053 | train 0.0648 | val 0.0578 | val macro-minF1 94.73%
[seed 1] Epoch 054 | train 0.0637 | val 0.0597 | val macro-minF1 94.36%
[seed 1] Epoch 055 | train 0.0654 | val 0.0623 | val macro-minF1 94.33%
[seed 1] Epoch 056 | train 0.0629 | val 0.0692 | val macro-minF1 94.30%
[seed 1] Epoch 057 | train 0.0656 | val 0.0579 | val macro-minF1 94.71%
[seed 1] Epoch 058 | train 0.0620 | val 0.0629 | val macro-minF1 94.35%
[seed 1] Epoch 059 | train 0.0624 | val 0.0647 | val macro-minF1 93.79%
[seed 1] Epoch 060 | train 0.0621 | val 0.0600 | val macro-minF1 94.43%
[seed 1] Epoch 061 | train 0.0633 | val 0.0624 | val macro-minF1 93.99%
[seed 1] Epoch 062 | train 0.0617 | val 0.0600 | val macro-minF1 94.25%
[seed 1] Epoch 063 | train 0.0637 | val 0.0605 | val macro-minF1 94.44%
[seed 1] Epoch 064 | train 0.0619 | val 0.0626 | val macro-minF1 93.97%
[seed 1] Epoch 065 | train 0.0605 | val 0.0608 | val macro-minF1 94.20%
[seed 1] Epoch 066 | train 0.0628 | val 0.0631 | val macro-minF1 93.86%
[seed 1] Epoch 067 | train 0.0649 | val 0.0628 | val macro-minF1 93.96%
[seed 1] Epoch 068 | train 0.0636 | val 0.0586 | val macro-minF1 94.11%
[seed 1] Epoch 069 | train 0.0628 | val 0.0582 | val macro-minF1 94.55%
[seed 1] Epoch 070 | train 0.0639 | val 0.0653 | val macro-minF1 94.15%
[seed 1] Epoch 071 | train 0.0656 | val 0.0599 | val macro-minF1 94.44%
[seed 1] Epoch 072 | train 0.0619 | val 0.0590 | val macro-minF1 94.20%
[seed 1] Epoch 073 | train 0.0651 | val 0.0608 | val macro-minF1 94.14%
[seed 1] Epoch 074 | train 0.0595 | val 0.0600 | val macro-minF1 94.77%
[seed 1] Epoch 075 | train 0.0615 | val 0.0594 | val macro-minF1 93.98%
[seed 1] Epoch 076 | train 0.0620 | val 0.0603 | val macro-minF1 94.58%
[seed 1] Epoch 077 | train 0.0615 | val 0.0615 | val macro-minF1 94.56%
[seed 1] Epoch 078 | train 0.0598 | val 0.0590 | val macro-minF1 94.27%
[seed 1] Epoch 079 | train 0.0640 | val 0.0659 | val macro-minF1 94.25%
[seed 1] Epoch 080 | train 0.0607 | val 0.0581 | val macro-minF1 94.45%
[seed 1] Epoch 081 | train 0.0597 | val 0.0581 | val macro-minF1 93.92%
[seed 1] Epoch 082 | train 0.0606 | val 0.0624 | val macro-minF1 93.60%
[seed 1] Epoch 083 | train 0.0647 | val 0.0636 | val macro-minF1 93.62%
[seed 1] Epoch 084 | train 0.0597 | val 0.0601 | val macro-minF1 94.21%
[seed 1] Epoch 085 | train 0.0613 | val 0.0627 | val macro-minF1 93.95%
[seed 1] Epoch 086 | train 0.0613 | val 0.0579 | val macro-minF1 94.12%
[seed 1] Epoch 087 | train 0.0599 | val 0.0658 | val macro-minF1 94.53%
[seed 1] Epoch 088 | train 0.0587 | val 0.0578 | val macro-minF1 94.48%
[seed 1] Epoch 089 | train 0.0595 | val 0.0617 | val macro-minF1 94.07%
[seed 1] Epoch 090 | train 0.0585 | val 0.0584 | val macro-minF1 94.71%
[seed 1] Epoch 091 | train 0.0638 | val 0.0634 | val macro-minF1 94.18%
[seed 1] Epoch 092 | train 0.0616 | val 0.0582 | val macro-minF1 94.39%
[seed 1] Epoch 093 | train 0.0605 | val 0.0567 | val macro-minF1 94.60%
[seed 1] Epoch 094 | train 0.0586 | val 0.0675 | val macro-minF1 93.48%
[seed 1] Epoch 095 | train 0.0597 | val 0.0625 | val macro-minF1 94.34%
[seed 1] Epoch 096 | train 0.0598 | val 0.0550 | val macro-minF1 94.78%
[seed 1] Epoch 097 | train 0.0561 | val 0.0639 | val macro-minF1 94.42%
[seed 1] Epoch 098 | train 0.0603 | val 0.0606 | val macro-minF1 93.77%
[seed 1] Epoch 099 | train 0.0622 | val 0.0612 | val macro-minF1 94.27%
[seed 1] Epoch 100 | train 0.0604 | val 0.0559 | val macro-minF1 94.23%
Training with hyperparameters:{'use_ego_ids': True, 'batch_size': 32, 'use_port_ids': True, 'use_mini_batch': True, 'port_emb_dim': 8, 'num_epochs': 100, 'ego_dim': None, 'num_layers': 6, 'neighbors_per_hop': [15, 15, 10, 10, 5, 5], 'hidden_dim': 64, 'dropout': 0.1, 'lr': 0.001, 'weight_decay': 0.0001, 'minority_class_weight': 'auto'}
Using automatic per-task minority weighting: [1.841484546661377, 1.8189952373504639, 2.0762298107147217, 2.0589993000030518, 4.132832050323486, 1.92154061794281, 0.9104477763175964, 0.473646342754364, 0.28260529041290283, 2.129106283187866, 2.2125489711761475]
[PORT] fwd edge_attr: (10399, 2) (dtype=torch.int64) | rev edge_attr: (10396, 2)
[TRAIN MODE] mini-batch (seed-only) | is_hetero=True | ego_dim=32
[EGO-CHECK] base_dim=1  ego_dim=32  aug_dim=33  seeds(B)=32
[seed 2] Epoch 001 | train 0.4201 | val 0.2831 | val macro-minF1 83.11%
[seed 2] Epoch 002 | train 0.2267 | val 0.1909 | val macro-minF1 87.36%
[seed 2] Epoch 003 | train 0.1854 | val 0.1612 | val macro-minF1 88.93%
[seed 2] Epoch 004 | train 0.1525 | val 0.1378 | val macro-minF1 90.28%
[seed 2] Epoch 005 | train 0.1349 | val 0.1341 | val macro-minF1 90.67%
[seed 2] Epoch 006 | train 0.1172 | val 0.1084 | val macro-minF1 92.25%
[seed 2] Epoch 007 | train 0.1060 | val 0.0981 | val macro-minF1 92.63%
[seed 2] Epoch 008 | train 0.1010 | val 0.0965 | val macro-minF1 93.53%
[seed 2] Epoch 009 | train 0.0916 | val 0.0828 | val macro-minF1 93.02%
[seed 2] Epoch 010 | train 0.0853 | val 0.0769 | val macro-minF1 94.18%
[seed 2] Epoch 011 | train 0.0816 | val 0.0762 | val macro-minF1 94.37%
[seed 2] Epoch 012 | train 0.0800 | val 0.0701 | val macro-minF1 94.94%
[seed 2] Epoch 013 | train 0.0767 | val 0.0621 | val macro-minF1 94.61%
[seed 2] Epoch 014 | train 0.0749 | val 0.0676 | val macro-minF1 95.12%
[seed 2] Epoch 015 | train 0.0735 | val 0.0750 | val macro-minF1 93.81%
[seed 2] Epoch 016 | train 0.0738 | val 0.0676 | val macro-minF1 94.74%
[seed 2] Epoch 017 | train 0.0698 | val 0.0586 | val macro-minF1 95.45%
[seed 2] Epoch 018 | train 0.0671 | val 0.0564 | val macro-minF1 94.91%
[seed 2] Epoch 019 | train 0.0648 | val 0.0575 | val macro-minF1 95.18%
[seed 2] Epoch 020 | train 0.0662 | val 0.0535 | val macro-minF1 95.65%
[seed 2] Epoch 021 | train 0.0666 | val 0.0606 | val macro-minF1 94.76%
[seed 2] Epoch 022 | train 0.0634 | val 0.0571 | val macro-minF1 95.28%
[seed 2] Epoch 023 | train 0.0632 | val 0.0649 | val macro-minF1 95.06%
[seed 2] Epoch 024 | train 0.0705 | val 0.0723 | val macro-minF1 94.36%
[seed 2] Epoch 025 | train 0.0636 | val 0.0731 | val macro-minF1 94.17%
[seed 2] Epoch 026 | train 0.0638 | val 0.0715 | val macro-minF1 94.92%
[seed 2] Epoch 027 | train 0.0611 | val 0.0529 | val macro-minF1 95.40%
[seed 2] Epoch 028 | train 0.0609 | val 0.0581 | val macro-minF1 95.12%
[seed 2] Epoch 029 | train 0.0602 | val 0.0586 | val macro-minF1 95.72%
[seed 2] Epoch 030 | train 0.0620 | val 0.0770 | val macro-minF1 94.16%
[seed 2] Epoch 031 | train 0.0613 | val 0.0575 | val macro-minF1 95.51%
[seed 2] Epoch 032 | train 0.0578 | val 0.0544 | val macro-minF1 95.45%
[seed 2] Epoch 033 | train 0.0631 | val 0.0565 | val macro-minF1 95.32%
[seed 2] Epoch 034 | train 0.0639 | val 0.0577 | val macro-minF1 95.30%
[seed 2] Epoch 035 | train 0.0582 | val 0.0533 | val macro-minF1 95.50%
[seed 2] Epoch 036 | train 0.0574 | val 0.0565 | val macro-minF1 95.47%
[seed 2] Epoch 037 | train 0.0566 | val 0.0589 | val macro-minF1 95.69%
[seed 2] Epoch 038 | train 0.0575 | val 0.0530 | val macro-minF1 95.51%
[seed 2] Epoch 039 | train 0.0601 | val 0.0523 | val macro-minF1 95.85%
[seed 2] Epoch 040 | train 0.0567 | val 0.0525 | val macro-minF1 95.49%
[seed 2] Epoch 041 | train 0.0571 | val 0.0486 | val macro-minF1 95.61%
[seed 2] Epoch 042 | train 0.0585 | val 0.0564 | val macro-minF1 95.63%
[seed 2] Epoch 043 | train 0.0606 | val 0.0564 | val macro-minF1 95.55%
[seed 2] Epoch 044 | train 0.0598 | val 0.0514 | val macro-minF1 95.80%
[seed 2] Epoch 045 | train 0.0568 | val 0.0519 | val macro-minF1 95.33%
[seed 2] Epoch 046 | train 0.0557 | val 0.0579 | val macro-minF1 95.44%
[seed 2] Epoch 047 | train 0.0581 | val 0.0499 | val macro-minF1 95.70%
[seed 2] Epoch 048 | train 0.0561 | val 0.0553 | val macro-minF1 95.51%
[seed 2] Epoch 049 | train 0.0549 | val 0.0537 | val macro-minF1 95.51%
[seed 2] Epoch 050 | train 0.0584 | val 0.0636 | val macro-minF1 95.33%
[seed 2] Epoch 051 | train 0.0565 | val 0.0541 | val macro-minF1 95.36%
[seed 2] Epoch 052 | train 0.0572 | val 0.0511 | val macro-minF1 95.52%
[seed 2] Epoch 053 | train 0.0536 | val 0.0519 | val macro-minF1 95.83%
[seed 2] Epoch 054 | train 0.0608 | val 0.0515 | val macro-minF1 95.46%
[seed 2] Epoch 055 | train 0.0530 | val 0.0508 | val macro-minF1 95.49%
[seed 2] Epoch 056 | train 0.0581 | val 0.0514 | val macro-minF1 95.47%
[seed 2] Epoch 057 | train 0.0518 | val 0.0508 | val macro-minF1 95.57%
[seed 2] Epoch 058 | train 0.0553 | val 0.0459 | val macro-minF1 95.75%
[seed 2] Epoch 059 | train 0.0561 | val 0.0498 | val macro-minF1 95.65%
[seed 2] Epoch 060 | train 0.0540 | val 0.0513 | val macro-minF1 95.74%
[seed 2] Epoch 061 | train 0.0536 | val 0.0532 | val macro-minF1 95.31%
[seed 2] Epoch 062 | train 0.0598 | val 0.0510 | val macro-minF1 95.27%
[seed 2] Epoch 063 | train 0.0565 | val 0.0481 | val macro-minF1 95.79%
[seed 2] Epoch 064 | train 0.0547 | val 0.0512 | val macro-minF1 95.80%
[seed 2] Epoch 065 | train 0.0547 | val 0.0508 | val macro-minF1 95.65%
[seed 2] Epoch 066 | train 0.0537 | val 0.0519 | val macro-minF1 95.59%
[seed 2] Epoch 067 | train 0.0520 | val 0.0514 | val macro-minF1 96.02%
[seed 2] Epoch 068 | train 0.0574 | val 0.0479 | val macro-minF1 96.03%
[seed 2] Epoch 069 | train 0.0571 | val 0.0687 | val macro-minF1 94.27%
[seed 2] Epoch 070 | train 0.0546 | val 0.0478 | val macro-minF1 95.80%
[seed 2] Epoch 071 | train 0.0515 | val 0.0531 | val macro-minF1 95.69%
[seed 2] Epoch 072 | train 0.0529 | val 0.0487 | val macro-minF1 95.90%
[seed 2] Epoch 073 | train 0.0520 | val 0.0548 | val macro-minF1 95.66%
[seed 2] Epoch 074 | train 0.0517 | val 0.0455 | val macro-minF1 96.24%
[seed 2] Epoch 075 | train 0.0514 | val 0.0475 | val macro-minF1 95.80%
[seed 2] Epoch 076 | train 0.0502 | val 0.0484 | val macro-minF1 95.68%
[seed 2] Epoch 077 | train 0.0500 | val 0.0462 | val macro-minF1 95.98%
[seed 2] Epoch 078 | train 0.0496 | val 0.0516 | val macro-minF1 95.67%
[seed 2] Epoch 079 | train 0.0500 | val 0.0467 | val macro-minF1 96.29%
[seed 2] Epoch 080 | train 0.0495 | val 0.0472 | val macro-minF1 96.22%
[seed 2] Epoch 081 | train 0.0500 | val 0.0496 | val macro-minF1 95.49%
[seed 2] Epoch 082 | train 0.0556 | val 0.0478 | val macro-minF1 96.33%
[seed 2] Epoch 083 | train 0.0509 | val 0.0464 | val macro-minF1 95.96%
[seed 2] Epoch 084 | train 0.0526 | val 0.0458 | val macro-minF1 96.09%
[seed 2] Epoch 085 | train 0.0503 | val 0.0473 | val macro-minF1 96.04%
[seed 2] Epoch 086 | train 0.0487 | val 0.0473 | val macro-minF1 95.93%
[seed 2] Epoch 087 | train 0.0506 | val 0.0484 | val macro-minF1 95.86%
[seed 2] Epoch 088 | train 0.0489 | val 0.0581 | val macro-minF1 95.07%
[seed 2] Epoch 089 | train 0.0492 | val 0.0447 | val macro-minF1 95.80%
[seed 2] Epoch 090 | train 0.0478 | val 0.0771 | val macro-minF1 93.45%
[seed 2] Epoch 091 | train 0.0501 | val 0.0588 | val macro-minF1 95.18%
[seed 2] Epoch 092 | train 0.0500 | val 0.0457 | val macro-minF1 96.22%
[seed 2] Epoch 093 | train 0.0470 | val 0.0451 | val macro-minF1 96.16%
[seed 2] Epoch 094 | train 0.0480 | val 0.0474 | val macro-minF1 96.10%
[seed 2] Epoch 095 | train 0.0481 | val 0.0483 | val macro-minF1 95.61%
[seed 2] Epoch 096 | train 0.0487 | val 0.0434 | val macro-minF1 96.28%
[seed 2] Epoch 097 | train 0.0485 | val 0.0462 | val macro-minF1 95.87%
[seed 2] Epoch 098 | train 0.0481 | val 0.0430 | val macro-minF1 96.22%
[seed 2] Epoch 099 | train 0.0493 | val 0.0460 | val macro-minF1 95.97%
[seed 2] Epoch 100 | train 0.0485 | val 0.0484 | val macro-minF1 95.63%

PNA reverse message passing with mini-batch training, port numbers=True, & ego IDs=True — macro minority F1 over 5 runs: 95.16%
Per-task (mean±std over 5 runs): deg-in: 99.92±0.12% | deg-out: 99.98±0.02% | fan-in: 99.99±0.01% | fan-out: 100.00±0.00% | C2: 99.42±0.10% | C3: 98.92±0.14% | C4: 98.39±0.11% | C5: 81.07±9.35% | C6: 74.39±2.22% | S-G: 97.45±0.70% | B-C: 97.19±0.38%
