[FL-SETUP] Algorithm=fedavg
[FL-SETUP] PNA model hyperparameters: {'use_ego_ids': True, 'batch_size': 32, 'use_port_ids': True, 'use_mini_batch': True, 'port_emb_dim': 8, 'num_epochs': 100, 'local_epochs': 1, 'client_fraction': 1.0, 'enable_cross_client_comm': True, 'cross_client_mix_alpha': 0.5, 'ego_dim': None, 'num_layers': 2, 'neighbors_per_hop': [10, 4], 'hidden_dim': 64, 'dropout': 0.1, 'lr': 0.001, 'weight_decay': 0.0001, 'minority_class_weight': 'auto'}
[FL-SETUP] num_clients=15, num_rounds=100, local_epochs=1, client_fraction=1.0
[FL-SETUP] Loading federated train splits from ./data/fed_partition_aware_splits/train/clients
[FL-SETUP] Loading federated val splits from ./data/fed_partition_aware_splits/val/clients
[FL-SETUP] Loading federated test splits from ./data/fed_partition_aware_splits/test/clients
[SANITY cid=0] nodes=3131 owned=546 ghost=2585 edges=3345 cross_edges=3289
[SANITY cid=1] nodes=3038 owned=546 ghost=2492 edges=3198 cross_edges=3142
[SANITY cid=2] nodes=3195 owned=545 ghost=2650 edges=3469 cross_edges=3407
[SANITY] All client graphs passed. (15 clients)
[SANITY cid=0] nodes=3037 owned=546 ghost=2491 edges=3163 cross_edges=3112
[SANITY cid=1] nodes=3053 owned=547 ghost=2506 edges=3278 cross_edges=3220
[SANITY cid=2] nodes=2998 owned=542 ghost=2456 edges=3148 cross_edges=3087
[SANITY] All client graphs passed. (15 clients)
[SANITY cid=0] nodes=3094 owned=547 ghost=2547 edges=3273 cross_edges=3198
[SANITY cid=1] nodes=2893 owned=544 ghost=2349 edges=2991 cross_edges=2938
[SANITY cid=2] nodes=3076 owned=545 ghost=2531 edges=3273 cross_edges=3205
[SANITY] All client graphs passed. (15 clients)
[FL-SETUP] Enabling cross-client embedding exchange
[server] Using automatic per-task minority weighting
[client_0] Using automatic per-task minority weighting
[client_1] Using automatic per-task minority weighting
[client_2] Using automatic per-task minority weighting
[client_3] Using automatic per-task minority weighting
[client_4] Using automatic per-task minority weighting
[client_5] Using automatic per-task minority weighting
[client_6] Using automatic per-task minority weighting
[client_7] Using automatic per-task minority weighting
[client_8] Using automatic per-task minority weighting
[client_9] Using automatic per-task minority weighting
[client_10] Using automatic per-task minority weighting
[client_11] Using automatic per-task minority weighting
[client_12] Using automatic per-task minority weighting
[client_13] Using automatic per-task minority weighting
[client_14] Using automatic per-task minority weighting

=== [fedavg] Round 001/100 ===
[FL-ROUND] Sampled clients: [0, 1, 2, 3, 4, 5, 6, 7, 8, 9, 10, 11, 12, 13, 14]
[PORT] fwd edge_attr: (228, 2) (dtype=torch.int64) | rev edge_attr: (245, 2)
[TRAIN MODE] mini-batch (seed-only) | is_hetero=True | ego_dim=32
[EGO-CHECK] base_dim=1  ego_dim=32  aug_dim=33  seeds(B)=32
[PORT] fwd edge_attr: (261, 2) (dtype=torch.int64) | rev edge_attr: (262, 2)
[TRAIN MODE] mini-batch (seed-only) | is_hetero=True | ego_dim=32
[EGO-CHECK] base_dim=1  ego_dim=32  aug_dim=33  seeds(B)=32
[PORT] fwd edge_attr: (254, 2) (dtype=torch.int64) | rev edge_attr: (269, 2)
[TRAIN MODE] mini-batch (seed-only) | is_hetero=True | ego_dim=32
[EGO-CHECK] base_dim=1  ego_dim=32  aug_dim=33  seeds(B)=32
[PORT] fwd edge_attr: (208, 2) (dtype=torch.int64) | rev edge_attr: (207, 2)
[TRAIN MODE] mini-batch (seed-only) | is_hetero=True | ego_dim=32
[EGO-CHECK] base_dim=1  ego_dim=32  aug_dim=33  seeds(B)=32
[PORT] fwd edge_attr: (220, 2) (dtype=torch.int64) | rev edge_attr: (213, 2)
[TRAIN MODE] mini-batch (seed-only) | is_hetero=True | ego_dim=32
[EGO-CHECK] base_dim=1  ego_dim=32  aug_dim=33  seeds(B)=32
[PORT] fwd edge_attr: (226, 2) (dtype=torch.int64) | rev edge_attr: (230, 2)
[TRAIN MODE] mini-batch (seed-only) | is_hetero=True | ego_dim=32
[EGO-CHECK] base_dim=1  ego_dim=32  aug_dim=33  seeds(B)=32
[PORT] fwd edge_attr: (216, 2) (dtype=torch.int64) | rev edge_attr: (224, 2)
[TRAIN MODE] mini-batch (seed-only) | is_hetero=True | ego_dim=32
[EGO-CHECK] base_dim=1  ego_dim=32  aug_dim=33  seeds(B)=32
[PORT] fwd edge_attr: (229, 2) (dtype=torch.int64) | rev edge_attr: (226, 2)
[TRAIN MODE] mini-batch (seed-only) | is_hetero=True | ego_dim=32
[EGO-CHECK] base_dim=1  ego_dim=32  aug_dim=33  seeds(B)=32
[PORT] fwd edge_attr: (220, 2) (dtype=torch.int64) | rev edge_attr: (208, 2)
[TRAIN MODE] mini-batch (seed-only) | is_hetero=True | ego_dim=32
[EGO-CHECK] base_dim=1  ego_dim=32  aug_dim=33  seeds(B)=32
[PORT] fwd edge_attr: (227, 2) (dtype=torch.int64) | rev edge_attr: (226, 2)
[TRAIN MODE] mini-batch (seed-only) | is_hetero=True | ego_dim=32
[EGO-CHECK] base_dim=1  ego_dim=32  aug_dim=33  seeds(B)=32
[PORT] fwd edge_attr: (224, 2) (dtype=torch.int64) | rev edge_attr: (239, 2)
[TRAIN MODE] mini-batch (seed-only) | is_hetero=True | ego_dim=32
[EGO-CHECK] base_dim=1  ego_dim=32  aug_dim=33  seeds(B)=32
[PORT] fwd edge_attr: (186, 2) (dtype=torch.int64) | rev edge_attr: (187, 2)
[TRAIN MODE] mini-batch (seed-only) | is_hetero=True | ego_dim=32
[EGO-CHECK] base_dim=1  ego_dim=32  aug_dim=33  seeds(B)=32
[PORT] fwd edge_attr: (262, 2) (dtype=torch.int64) | rev edge_attr: (269, 2)
[TRAIN MODE] mini-batch (seed-only) | is_hetero=True | ego_dim=32
[EGO-CHECK] base_dim=1  ego_dim=32  aug_dim=33  seeds(B)=32
[PORT] fwd edge_attr: (238, 2) (dtype=torch.int64) | rev edge_attr: (231, 2)
[TRAIN MODE] mini-batch (seed-only) | is_hetero=True | ego_dim=32
[EGO-CHECK] base_dim=1  ego_dim=32  aug_dim=33  seeds(B)=32
[PORT] fwd edge_attr: (207, 2) (dtype=torch.int64) | rev edge_attr: (215, 2)
[TRAIN MODE] mini-batch (seed-only) | is_hetero=True | ego_dim=32
[EGO-CHECK] base_dim=1  ego_dim=32  aug_dim=33  seeds(B)=32
[seed 0] Round 001 | val 0.7755 | val macro-minF1 42.89%

=== [fedavg] Round 002/100 ===
[FL-ROUND] Sampled clients: [0, 1, 2, 3, 4, 5, 6, 7, 8, 9, 10, 11, 12, 13, 14]
[seed 0] Round 002 | val 0.6971 | val macro-minF1 66.19%

=== [fedavg] Round 003/100 ===
[FL-ROUND] Sampled clients: [0, 1, 2, 3, 4, 5, 6, 7, 8, 9, 10, 11, 12, 13, 14]
[seed 0] Round 003 | val 0.6421 | val macro-minF1 70.99%

=== [fedavg] Round 004/100 ===
[FL-ROUND] Sampled clients: [0, 1, 2, 3, 4, 5, 6, 7, 8, 9, 10, 11, 12, 13, 14]
[seed 0] Round 004 | val 0.6244 | val macro-minF1 69.95%

=== [fedavg] Round 005/100 ===
[FL-ROUND] Sampled clients: [0, 1, 2, 3, 4, 5, 6, 7, 8, 9, 10, 11, 12, 13, 14]
[seed 0] Round 005 | val 0.5972 | val macro-minF1 71.99%

=== [fedavg] Round 006/100 ===
[FL-ROUND] Sampled clients: [0, 1, 2, 3, 4, 5, 6, 7, 8, 9, 10, 11, 12, 13, 14]
[seed 0] Round 006 | val 0.5792 | val macro-minF1 74.14%

=== [fedavg] Round 007/100 ===
[FL-ROUND] Sampled clients: [0, 1, 2, 3, 4, 5, 6, 7, 8, 9, 10, 11, 12, 13, 14]
[seed 0] Round 007 | val 0.5533 | val macro-minF1 75.45%

=== [fedavg] Round 008/100 ===
[FL-ROUND] Sampled clients: [0, 1, 2, 3, 4, 5, 6, 7, 8, 9, 10, 11, 12, 13, 14]
[seed 0] Round 008 | val 0.5517 | val macro-minF1 72.25%

=== [fedavg] Round 009/100 ===
[FL-ROUND] Sampled clients: [0, 1, 2, 3, 4, 5, 6, 7, 8, 9, 10, 11, 12, 13, 14]
[seed 0] Round 009 | val 0.5147 | val macro-minF1 75.62%

=== [fedavg] Round 010/100 ===
[FL-ROUND] Sampled clients: [0, 1, 2, 3, 4, 5, 6, 7, 8, 9, 10, 11, 12, 13, 14]
[seed 0] Round 010 | val 0.5110 | val macro-minF1 75.22%

=== [fedavg] Round 011/100 ===
[FL-ROUND] Sampled clients: [0, 1, 2, 3, 4, 5, 6, 7, 8, 9, 10, 11, 12, 13, 14]
[seed 0] Round 011 | val 0.4965 | val macro-minF1 76.05%

=== [fedavg] Round 012/100 ===
[FL-ROUND] Sampled clients: [0, 1, 2, 3, 4, 5, 6, 7, 8, 9, 10, 11, 12, 13, 14]
[seed 0] Round 012 | val 0.4837 | val macro-minF1 76.04%

=== [fedavg] Round 013/100 ===
[FL-ROUND] Sampled clients: [0, 1, 2, 3, 4, 5, 6, 7, 8, 9, 10, 11, 12, 13, 14]
[seed 0] Round 013 | val 0.4794 | val macro-minF1 75.88%

=== [fedavg] Round 014/100 ===
[FL-ROUND] Sampled clients: [0, 1, 2, 3, 4, 5, 6, 7, 8, 9, 10, 11, 12, 13, 14]
[seed 0] Round 014 | val 0.4644 | val macro-minF1 77.20%

=== [fedavg] Round 015/100 ===
[FL-ROUND] Sampled clients: [0, 1, 2, 3, 4, 5, 6, 7, 8, 9, 10, 11, 12, 13, 14]
[seed 0] Round 015 | val 0.4719 | val macro-minF1 75.17%

=== [fedavg] Round 016/100 ===
[FL-ROUND] Sampled clients: [0, 1, 2, 3, 4, 5, 6, 7, 8, 9, 10, 11, 12, 13, 14]
[seed 0] Round 016 | val 0.4543 | val macro-minF1 76.91%

=== [fedavg] Round 017/100 ===
[FL-ROUND] Sampled clients: [0, 1, 2, 3, 4, 5, 6, 7, 8, 9, 10, 11, 12, 13, 14]
[seed 0] Round 017 | val 0.4420 | val macro-minF1 77.36%

=== [fedavg] Round 018/100 ===
[FL-ROUND] Sampled clients: [0, 1, 2, 3, 4, 5, 6, 7, 8, 9, 10, 11, 12, 13, 14]
[seed 0] Round 018 | val 0.4394 | val macro-minF1 76.57%

=== [fedavg] Round 019/100 ===
[FL-ROUND] Sampled clients: [0, 1, 2, 3, 4, 5, 6, 7, 8, 9, 10, 11, 12, 13, 14]
[seed 0] Round 019 | val 0.4372 | val macro-minF1 76.37%

=== [fedavg] Round 020/100 ===
[FL-ROUND] Sampled clients: [0, 1, 2, 3, 4, 5, 6, 7, 8, 9, 10, 11, 12, 13, 14]
[seed 0] Round 020 | val 0.4259 | val macro-minF1 77.23%

=== [fedavg] Round 021/100 ===
[FL-ROUND] Sampled clients: [0, 1, 2, 3, 4, 5, 6, 7, 8, 9, 10, 11, 12, 13, 14]
[seed 0] Round 021 | val 0.4320 | val macro-minF1 77.80%

=== [fedavg] Round 022/100 ===
[FL-ROUND] Sampled clients: [0, 1, 2, 3, 4, 5, 6, 7, 8, 9, 10, 11, 12, 13, 14]
[seed 0] Round 022 | val 0.4260 | val macro-minF1 77.39%

=== [fedavg] Round 023/100 ===
[FL-ROUND] Sampled clients: [0, 1, 2, 3, 4, 5, 6, 7, 8, 9, 10, 11, 12, 13, 14]
[seed 0] Round 023 | val 0.4265 | val macro-minF1 77.09%

=== [fedavg] Round 024/100 ===
[FL-ROUND] Sampled clients: [0, 1, 2, 3, 4, 5, 6, 7, 8, 9, 10, 11, 12, 13, 14]
[seed 0] Round 024 | val 0.4218 | val macro-minF1 77.20%

=== [fedavg] Round 025/100 ===
[FL-ROUND] Sampled clients: [0, 1, 2, 3, 4, 5, 6, 7, 8, 9, 10, 11, 12, 13, 14]
[seed 0] Round 025 | val 0.4241 | val macro-minF1 77.30%

=== [fedavg] Round 026/100 ===
[FL-ROUND] Sampled clients: [0, 1, 2, 3, 4, 5, 6, 7, 8, 9, 10, 11, 12, 13, 14]
[seed 0] Round 026 | val 0.4109 | val macro-minF1 77.01%

=== [fedavg] Round 027/100 ===
[FL-ROUND] Sampled clients: [0, 1, 2, 3, 4, 5, 6, 7, 8, 9, 10, 11, 12, 13, 14]
[seed 0] Round 027 | val 0.4110 | val macro-minF1 77.48%

=== [fedavg] Round 028/100 ===
[FL-ROUND] Sampled clients: [0, 1, 2, 3, 4, 5, 6, 7, 8, 9, 10, 11, 12, 13, 14]
[seed 0] Round 028 | val 0.4101 | val macro-minF1 78.01%

=== [fedavg] Round 029/100 ===
[FL-ROUND] Sampled clients: [0, 1, 2, 3, 4, 5, 6, 7, 8, 9, 10, 11, 12, 13, 14]
[seed 0] Round 029 | val 0.4120 | val macro-minF1 78.12%

=== [fedavg] Round 030/100 ===
[FL-ROUND] Sampled clients: [0, 1, 2, 3, 4, 5, 6, 7, 8, 9, 10, 11, 12, 13, 14]
[seed 0] Round 030 | val 0.4134 | val macro-minF1 78.38%

=== [fedavg] Round 031/100 ===
[FL-ROUND] Sampled clients: [0, 1, 2, 3, 4, 5, 6, 7, 8, 9, 10, 11, 12, 13, 14]
[seed 0] Round 031 | val 0.4210 | val macro-minF1 76.84%

=== [fedavg] Round 032/100 ===
[FL-ROUND] Sampled clients: [0, 1, 2, 3, 4, 5, 6, 7, 8, 9, 10, 11, 12, 13, 14]
[seed 0] Round 032 | val 0.4096 | val macro-minF1 77.85%

=== [fedavg] Round 033/100 ===
[FL-ROUND] Sampled clients: [0, 1, 2, 3, 4, 5, 6, 7, 8, 9, 10, 11, 12, 13, 14]
[seed 0] Round 033 | val 0.4113 | val macro-minF1 77.33%

=== [fedavg] Round 034/100 ===
[FL-ROUND] Sampled clients: [0, 1, 2, 3, 4, 5, 6, 7, 8, 9, 10, 11, 12, 13, 14]
[seed 0] Round 034 | val 0.4085 | val macro-minF1 77.97%

=== [fedavg] Round 035/100 ===
[FL-ROUND] Sampled clients: [0, 1, 2, 3, 4, 5, 6, 7, 8, 9, 10, 11, 12, 13, 14]
[seed 0] Round 035 | val 0.4087 | val macro-minF1 77.79%

=== [fedavg] Round 036/100 ===
[FL-ROUND] Sampled clients: [0, 1, 2, 3, 4, 5, 6, 7, 8, 9, 10, 11, 12, 13, 14]
[seed 0] Round 036 | val 0.4079 | val macro-minF1 77.58%

=== [fedavg] Round 037/100 ===
[FL-ROUND] Sampled clients: [0, 1, 2, 3, 4, 5, 6, 7, 8, 9, 10, 11, 12, 13, 14]
[seed 0] Round 037 | val 0.4122 | val macro-minF1 76.98%

=== [fedavg] Round 038/100 ===
[FL-ROUND] Sampled clients: [0, 1, 2, 3, 4, 5, 6, 7, 8, 9, 10, 11, 12, 13, 14]
[seed 0] Round 038 | val 0.4029 | val macro-minF1 77.84%

=== [fedavg] Round 039/100 ===
[FL-ROUND] Sampled clients: [0, 1, 2, 3, 4, 5, 6, 7, 8, 9, 10, 11, 12, 13, 14]
[seed 0] Round 039 | val 0.4048 | val macro-minF1 78.10%

=== [fedavg] Round 040/100 ===
[FL-ROUND] Sampled clients: [0, 1, 2, 3, 4, 5, 6, 7, 8, 9, 10, 11, 12, 13, 14]
[seed 0] Round 040 | val 0.4073 | val macro-minF1 77.98%

=== [fedavg] Round 041/100 ===
[FL-ROUND] Sampled clients: [0, 1, 2, 3, 4, 5, 6, 7, 8, 9, 10, 11, 12, 13, 14]
[seed 0] Round 041 | val 0.4061 | val macro-minF1 77.98%

=== [fedavg] Round 042/100 ===
[FL-ROUND] Sampled clients: [0, 1, 2, 3, 4, 5, 6, 7, 8, 9, 10, 11, 12, 13, 14]
[seed 0] Round 042 | val 0.4019 | val macro-minF1 78.03%

=== [fedavg] Round 043/100 ===
[FL-ROUND] Sampled clients: [0, 1, 2, 3, 4, 5, 6, 7, 8, 9, 10, 11, 12, 13, 14]
[seed 0] Round 043 | val 0.3981 | val macro-minF1 78.54%

=== [fedavg] Round 044/100 ===
[FL-ROUND] Sampled clients: [0, 1, 2, 3, 4, 5, 6, 7, 8, 9, 10, 11, 12, 13, 14]
[seed 0] Round 044 | val 0.4001 | val macro-minF1 78.28%

=== [fedavg] Round 045/100 ===
[FL-ROUND] Sampled clients: [0, 1, 2, 3, 4, 5, 6, 7, 8, 9, 10, 11, 12, 13, 14]
[seed 0] Round 045 | val 0.4095 | val macro-minF1 77.47%

=== [fedavg] Round 046/100 ===
[FL-ROUND] Sampled clients: [0, 1, 2, 3, 4, 5, 6, 7, 8, 9, 10, 11, 12, 13, 14]
[seed 0] Round 046 | val 0.4095 | val macro-minF1 78.19%

=== [fedavg] Round 047/100 ===
[FL-ROUND] Sampled clients: [0, 1, 2, 3, 4, 5, 6, 7, 8, 9, 10, 11, 12, 13, 14]
[seed 0] Round 047 | val 0.4073 | val macro-minF1 77.93%

=== [fedavg] Round 048/100 ===
[FL-ROUND] Sampled clients: [0, 1, 2, 3, 4, 5, 6, 7, 8, 9, 10, 11, 12, 13, 14]
[seed 0] Round 048 | val 0.4029 | val macro-minF1 77.95%

=== [fedavg] Round 049/100 ===
[FL-ROUND] Sampled clients: [0, 1, 2, 3, 4, 5, 6, 7, 8, 9, 10, 11, 12, 13, 14]
[seed 0] Round 049 | val 0.4050 | val macro-minF1 78.19%

=== [fedavg] Round 050/100 ===
[FL-ROUND] Sampled clients: [0, 1, 2, 3, 4, 5, 6, 7, 8, 9, 10, 11, 12, 13, 14]
[seed 0] Round 050 | val 0.4119 | val macro-minF1 78.13%

=== [fedavg] Round 051/100 ===
[FL-ROUND] Sampled clients: [0, 1, 2, 3, 4, 5, 6, 7, 8, 9, 10, 11, 12, 13, 14]
[seed 0] Round 051 | val 0.4102 | val macro-minF1 77.99%

=== [fedavg] Round 052/100 ===
[FL-ROUND] Sampled clients: [0, 1, 2, 3, 4, 5, 6, 7, 8, 9, 10, 11, 12, 13, 14]
[seed 0] Round 052 | val 0.4124 | val macro-minF1 77.63%

=== [fedavg] Round 053/100 ===
[FL-ROUND] Sampled clients: [0, 1, 2, 3, 4, 5, 6, 7, 8, 9, 10, 11, 12, 13, 14]
[seed 0] Round 053 | val 0.4131 | val macro-minF1 77.38%

=== [fedavg] Round 054/100 ===
[FL-ROUND] Sampled clients: [0, 1, 2, 3, 4, 5, 6, 7, 8, 9, 10, 11, 12, 13, 14]
[seed 0] Round 054 | val 0.4062 | val macro-minF1 78.04%

=== [fedavg] Round 055/100 ===
[FL-ROUND] Sampled clients: [0, 1, 2, 3, 4, 5, 6, 7, 8, 9, 10, 11, 12, 13, 14]
[seed 0] Round 055 | val 0.4044 | val macro-minF1 78.31%

=== [fedavg] Round 056/100 ===
[FL-ROUND] Sampled clients: [0, 1, 2, 3, 4, 5, 6, 7, 8, 9, 10, 11, 12, 13, 14]
[seed 0] Round 056 | val 0.4094 | val macro-minF1 78.40%

=== [fedavg] Round 057/100 ===
[FL-ROUND] Sampled clients: [0, 1, 2, 3, 4, 5, 6, 7, 8, 9, 10, 11, 12, 13, 14]
[seed 0] Round 057 | val 0.4071 | val macro-minF1 78.54%

=== [fedavg] Round 058/100 ===
[FL-ROUND] Sampled clients: [0, 1, 2, 3, 4, 5, 6, 7, 8, 9, 10, 11, 12, 13, 14]
[seed 0] Round 058 | val 0.4066 | val macro-minF1 78.10%

=== [fedavg] Round 059/100 ===
[FL-ROUND] Sampled clients: [0, 1, 2, 3, 4, 5, 6, 7, 8, 9, 10, 11, 12, 13, 14]
[seed 0] Round 059 | val 0.4059 | val macro-minF1 78.07%

=== [fedavg] Round 060/100 ===
[FL-ROUND] Sampled clients: [0, 1, 2, 3, 4, 5, 6, 7, 8, 9, 10, 11, 12, 13, 14]
[seed 0] Round 060 | val 0.4140 | val macro-minF1 77.75%

=== [fedavg] Round 061/100 ===
[FL-ROUND] Sampled clients: [0, 1, 2, 3, 4, 5, 6, 7, 8, 9, 10, 11, 12, 13, 14]
[seed 0] Round 061 | val 0.4063 | val macro-minF1 78.39%

=== [fedavg] Round 062/100 ===
[FL-ROUND] Sampled clients: [0, 1, 2, 3, 4, 5, 6, 7, 8, 9, 10, 11, 12, 13, 14]
[seed 0] Round 062 | val 0.4100 | val macro-minF1 78.30%

=== [fedavg] Round 063/100 ===
[FL-ROUND] Sampled clients: [0, 1, 2, 3, 4, 5, 6, 7, 8, 9, 10, 11, 12, 13, 14]
[seed 0] Round 063 | val 0.4162 | val macro-minF1 77.30%

=== [fedavg] Round 064/100 ===
[FL-ROUND] Sampled clients: [0, 1, 2, 3, 4, 5, 6, 7, 8, 9, 10, 11, 12, 13, 14]
[seed 0] Round 064 | val 0.4123 | val macro-minF1 77.86%

=== [fedavg] Round 065/100 ===
[FL-ROUND] Sampled clients: [0, 1, 2, 3, 4, 5, 6, 7, 8, 9, 10, 11, 12, 13, 14]
[seed 0] Round 065 | val 0.4143 | val macro-minF1 77.88%

=== [fedavg] Round 066/100 ===
[FL-ROUND] Sampled clients: [0, 1, 2, 3, 4, 5, 6, 7, 8, 9, 10, 11, 12, 13, 14]
[seed 0] Round 066 | val 0.4068 | val macro-minF1 78.02%

=== [fedavg] Round 067/100 ===
[FL-ROUND] Sampled clients: [0, 1, 2, 3, 4, 5, 6, 7, 8, 9, 10, 11, 12, 13, 14]
[seed 0] Round 067 | val 0.4117 | val macro-minF1 77.92%

=== [fedavg] Round 068/100 ===
[FL-ROUND] Sampled clients: [0, 1, 2, 3, 4, 5, 6, 7, 8, 9, 10, 11, 12, 13, 14]
[seed 0] Round 068 | val 0.4122 | val macro-minF1 78.20%

=== [fedavg] Round 069/100 ===
[FL-ROUND] Sampled clients: [0, 1, 2, 3, 4, 5, 6, 7, 8, 9, 10, 11, 12, 13, 14]
[seed 0] Round 069 | val 0.4078 | val macro-minF1 77.89%

=== [fedavg] Round 070/100 ===
[FL-ROUND] Sampled clients: [0, 1, 2, 3, 4, 5, 6, 7, 8, 9, 10, 11, 12, 13, 14]
[seed 0] Round 070 | val 0.4110 | val macro-minF1 77.98%

=== [fedavg] Round 071/100 ===
[FL-ROUND] Sampled clients: [0, 1, 2, 3, 4, 5, 6, 7, 8, 9, 10, 11, 12, 13, 14]
[seed 0] Round 071 | val 0.4114 | val macro-minF1 77.49%

=== [fedavg] Round 072/100 ===
[FL-ROUND] Sampled clients: [0, 1, 2, 3, 4, 5, 6, 7, 8, 9, 10, 11, 12, 13, 14]
[seed 0] Round 072 | val 0.4178 | val macro-minF1 77.16%

=== [fedavg] Round 073/100 ===
[FL-ROUND] Sampled clients: [0, 1, 2, 3, 4, 5, 6, 7, 8, 9, 10, 11, 12, 13, 14]
[seed 0] Round 073 | val 0.4154 | val macro-minF1 77.06%

=== [fedavg] Round 074/100 ===
[FL-ROUND] Sampled clients: [0, 1, 2, 3, 4, 5, 6, 7, 8, 9, 10, 11, 12, 13, 14]
[seed 0] Round 074 | val 0.4104 | val macro-minF1 78.13%

=== [fedavg] Round 075/100 ===
[FL-ROUND] Sampled clients: [0, 1, 2, 3, 4, 5, 6, 7, 8, 9, 10, 11, 12, 13, 14]
[seed 0] Round 075 | val 0.4115 | val macro-minF1 78.26%

=== [fedavg] Round 076/100 ===
[FL-ROUND] Sampled clients: [0, 1, 2, 3, 4, 5, 6, 7, 8, 9, 10, 11, 12, 13, 14]
[seed 0] Round 076 | val 0.4155 | val macro-minF1 78.24%

=== [fedavg] Round 077/100 ===
[FL-ROUND] Sampled clients: [0, 1, 2, 3, 4, 5, 6, 7, 8, 9, 10, 11, 12, 13, 14]
[seed 0] Round 077 | val 0.4191 | val macro-minF1 78.03%

=== [fedavg] Round 078/100 ===
[FL-ROUND] Sampled clients: [0, 1, 2, 3, 4, 5, 6, 7, 8, 9, 10, 11, 12, 13, 14]
[seed 0] Round 078 | val 0.4171 | val macro-minF1 78.36%

=== [fedavg] Round 079/100 ===
[FL-ROUND] Sampled clients: [0, 1, 2, 3, 4, 5, 6, 7, 8, 9, 10, 11, 12, 13, 14]
[seed 0] Round 079 | val 0.4181 | val macro-minF1 78.24%

=== [fedavg] Round 080/100 ===
[FL-ROUND] Sampled clients: [0, 1, 2, 3, 4, 5, 6, 7, 8, 9, 10, 11, 12, 13, 14]
[seed 0] Round 080 | val 0.4188 | val macro-minF1 78.31%

=== [fedavg] Round 081/100 ===
[FL-ROUND] Sampled clients: [0, 1, 2, 3, 4, 5, 6, 7, 8, 9, 10, 11, 12, 13, 14]
[seed 0] Round 081 | val 0.4202 | val macro-minF1 78.17%

=== [fedavg] Round 082/100 ===
[FL-ROUND] Sampled clients: [0, 1, 2, 3, 4, 5, 6, 7, 8, 9, 10, 11, 12, 13, 14]
[seed 0] Round 082 | val 0.4249 | val macro-minF1 78.12%

=== [fedavg] Round 083/100 ===
[FL-ROUND] Sampled clients: [0, 1, 2, 3, 4, 5, 6, 7, 8, 9, 10, 11, 12, 13, 14]
[seed 0] Round 083 | val 0.4278 | val macro-minF1 77.99%

=== [fedavg] Round 084/100 ===
[FL-ROUND] Sampled clients: [0, 1, 2, 3, 4, 5, 6, 7, 8, 9, 10, 11, 12, 13, 14]
[seed 0] Round 084 | val 0.4328 | val macro-minF1 78.30%

=== [fedavg] Round 085/100 ===
[FL-ROUND] Sampled clients: [0, 1, 2, 3, 4, 5, 6, 7, 8, 9, 10, 11, 12, 13, 14]
[seed 0] Round 085 | val 0.4315 | val macro-minF1 78.33%

=== [fedavg] Round 086/100 ===
[FL-ROUND] Sampled clients: [0, 1, 2, 3, 4, 5, 6, 7, 8, 9, 10, 11, 12, 13, 14]
[seed 0] Round 086 | val 0.4268 | val macro-minF1 78.08%

=== [fedavg] Round 087/100 ===
[FL-ROUND] Sampled clients: [0, 1, 2, 3, 4, 5, 6, 7, 8, 9, 10, 11, 12, 13, 14]
[seed 0] Round 087 | val 0.4304 | val macro-minF1 77.96%

=== [fedavg] Round 088/100 ===
[FL-ROUND] Sampled clients: [0, 1, 2, 3, 4, 5, 6, 7, 8, 9, 10, 11, 12, 13, 14]
[seed 0] Round 088 | val 0.4316 | val macro-minF1 78.18%

=== [fedavg] Round 089/100 ===
[FL-ROUND] Sampled clients: [0, 1, 2, 3, 4, 5, 6, 7, 8, 9, 10, 11, 12, 13, 14]
[seed 0] Round 089 | val 0.4350 | val macro-minF1 78.23%

=== [fedavg] Round 090/100 ===
[FL-ROUND] Sampled clients: [0, 1, 2, 3, 4, 5, 6, 7, 8, 9, 10, 11, 12, 13, 14]
[seed 0] Round 090 | val 0.4367 | val macro-minF1 78.12%

=== [fedavg] Round 091/100 ===
[FL-ROUND] Sampled clients: [0, 1, 2, 3, 4, 5, 6, 7, 8, 9, 10, 11, 12, 13, 14]
[seed 0] Round 091 | val 0.4388 | val macro-minF1 78.10%

=== [fedavg] Round 092/100 ===
[FL-ROUND] Sampled clients: [0, 1, 2, 3, 4, 5, 6, 7, 8, 9, 10, 11, 12, 13, 14]
[seed 0] Round 092 | val 0.4430 | val macro-minF1 77.42%

=== [fedavg] Round 093/100 ===
[FL-ROUND] Sampled clients: [0, 1, 2, 3, 4, 5, 6, 7, 8, 9, 10, 11, 12, 13, 14]
[seed 0] Round 093 | val 0.4391 | val macro-minF1 77.96%

=== [fedavg] Round 094/100 ===
[FL-ROUND] Sampled clients: [0, 1, 2, 3, 4, 5, 6, 7, 8, 9, 10, 11, 12, 13, 14]
[seed 0] Round 094 | val 0.4398 | val macro-minF1 77.95%

=== [fedavg] Round 095/100 ===
[FL-ROUND] Sampled clients: [0, 1, 2, 3, 4, 5, 6, 7, 8, 9, 10, 11, 12, 13, 14]
[seed 0] Round 095 | val 0.4303 | val macro-minF1 77.64%

=== [fedavg] Round 096/100 ===
[FL-ROUND] Sampled clients: [0, 1, 2, 3, 4, 5, 6, 7, 8, 9, 10, 11, 12, 13, 14]
[seed 0] Round 096 | val 0.4316 | val macro-minF1 77.70%

=== [fedavg] Round 097/100 ===
[FL-ROUND] Sampled clients: [0, 1, 2, 3, 4, 5, 6, 7, 8, 9, 10, 11, 12, 13, 14]
[seed 0] Round 097 | val 0.4394 | val macro-minF1 77.68%

=== [fedavg] Round 098/100 ===
[FL-ROUND] Sampled clients: [0, 1, 2, 3, 4, 5, 6, 7, 8, 9, 10, 11, 12, 13, 14]
[seed 0] Round 098 | val 0.4365 | val macro-minF1 77.63%

=== [fedavg] Round 099/100 ===
[FL-ROUND] Sampled clients: [0, 1, 2, 3, 4, 5, 6, 7, 8, 9, 10, 11, 12, 13, 14]
[seed 0] Round 099 | val 0.4323 | val macro-minF1 78.04%

=== [fedavg] Round 100/100 ===
[FL-ROUND] Sampled clients: [0, 1, 2, 3, 4, 5, 6, 7, 8, 9, 10, 11, 12, 13, 14]
[seed 0] Round 100 | val 0.4346 | val macro-minF1 77.85%

PNA reverse message passing in federated fedavg (mini-batch), port numbers=True, & ego IDs=True — macro minority F1 over 1 runs: 78.21%
Per-task (mean±std over runs): deg-in: 99.77±0.00% | deg-out: 99.23±0.00% | fan-in: 99.74±0.00% | fan-out: 99.91±0.00% | C2: 81.00±0.00% | C3: 56.08±0.00% | C4: 72.77±0.00% | C5: 64.22±0.00% | C6: 56.68±0.00% | S-G: 64.37±0.00% | B-C: 66.49±0.00%
